
Discarded input sections

 .data          0x00000000        0x0 build/obj/crt0_v7m.o
 .bss           0x00000000        0x0 build/obj/crt0_v7m.o
 .data          0x00000000        0x0 build/obj/chcoreasm_v7m.o
 .bss           0x00000000        0x0 build/obj/chcoreasm_v7m.o
 .text          0x00000000        0x0 build/obj/crt1.o (symbol from plugin)
 .text          0x00000000        0x0 /tmp/ccbnmd4Z.ltrans0.ltrans.o
 .data          0x00000000        0x0 /tmp/ccbnmd4Z.ltrans0.ltrans.o
 .bss           0x00000000        0x0 /tmp/ccbnmd4Z.ltrans0.ltrans.o
 .text          0x00000000        0x0 /tmp/ccbnmd4Z.ltrans1.ltrans.o
 .data          0x00000000        0x0 /tmp/ccbnmd4Z.ltrans1.ltrans.o
 .bss           0x00000000        0x0 /tmp/ccbnmd4Z.ltrans1.ltrans.o
 .text          0x00000000        0x0 /tmp/ccbnmd4Z.ltrans2.ltrans.o
 .data          0x00000000        0x0 /tmp/ccbnmd4Z.ltrans2.ltrans.o
 .bss           0x00000000        0x0 /tmp/ccbnmd4Z.ltrans2.ltrans.o
 .text          0x00000000        0x0 /tmp/ccbnmd4Z.ltrans3.ltrans.o
 .data          0x00000000        0x0 /tmp/ccbnmd4Z.ltrans3.ltrans.o
 .bss           0x00000000        0x0 /tmp/ccbnmd4Z.ltrans3.ltrans.o
 .text          0x00000000        0x0 build/obj/vectors.o (symbol from plugin)
 .text          0x00000000        0x0 build/obj/chsys.o (symbol from plugin)
 .text          0x00000000        0x0 build/obj/chdebug.o (symbol from plugin)
 .text          0x00000000        0x0 build/obj/chvt.o (symbol from plugin)
 .text          0x00000000        0x0 build/obj/chschd.o (symbol from plugin)
 .text          0x00000000        0x0 build/obj/chthreads.o (symbol from plugin)
 .text          0x00000000        0x0 build/obj/chtm.o (symbol from plugin)
 .text          0x00000000        0x0 build/obj/chdynamic.o (symbol from plugin)
 .text          0x00000000        0x0 build/obj/chregistry.o (symbol from plugin)
 .text          0x00000000        0x0 build/obj/chsem.o (symbol from plugin)
 .text          0x00000000        0x0 build/obj/chmtx.o (symbol from plugin)
 .text          0x00000000        0x0 build/obj/chcond.o (symbol from plugin)
 .text          0x00000000        0x0 build/obj/chevents.o (symbol from plugin)
 .text          0x00000000        0x0 build/obj/chmsg.o (symbol from plugin)
 .text          0x00000000        0x0 build/obj/chmboxes.o (symbol from plugin)
 .text          0x00000000        0x0 build/obj/chqueues.o (symbol from plugin)
 .text          0x00000000        0x0 build/obj/chmemcore.o (symbol from plugin)
 .text          0x00000000        0x0 build/obj/chheap.o (symbol from plugin)
 .text          0x00000000        0x0 build/obj/chmempools.o (symbol from plugin)
 .text          0x00000000        0x0 build/obj/chcore.o (symbol from plugin)
 .text          0x00000000        0x0 build/obj/chcore_v7m.o (symbol from plugin)
 .text          0x00000000        0x0 build/obj/osal.o (symbol from plugin)
 .text          0x00000000        0x0 build/obj/hal.o (symbol from plugin)
 .text          0x00000000        0x0 build/obj/st.o (symbol from plugin)
 .text          0x00000000        0x0 build/obj/hal_buffers.o (symbol from plugin)
 .text          0x00000000        0x0 build/obj/hal_queues.o (symbol from plugin)
 .text          0x00000000        0x0 build/obj/hal_mmcsd.o (symbol from plugin)
 .text          0x00000000        0x0 build/obj/i2c.o (symbol from plugin)
 .text          0x00000000        0x0 build/obj/icu.o (symbol from plugin)
 .text          0x00000000        0x0 build/obj/pal.o (symbol from plugin)
 .text          0x00000000        0x0 build/obj/pwm.o (symbol from plugin)
 .text          0x00000000        0x0 build/obj/serial.o (symbol from plugin)
 .text          0x00000000        0x0 build/obj/serial_usb.o (symbol from plugin)
 .text          0x00000000        0x0 build/obj/spi.o (symbol from plugin)
 .text          0x00000000        0x0 build/obj/usb.o (symbol from plugin)
 .text          0x00000000        0x0 build/obj/nvic.o (symbol from plugin)
 .text          0x00000000        0x0 build/obj/hal_lld.o (symbol from plugin)
 .text          0x00000000        0x0 build/obj/stm32_dma.o (symbol from plugin)
 .text          0x00000000        0x0 build/obj/st_lld.o (symbol from plugin)
 .text          0x00000000        0x0 build/obj/pal_lld.o (symbol from plugin)
 .text          0x00000000        0x0 build/obj/i2c_lld.o (symbol from plugin)
 .text          0x00000000        0x0 build/obj/spi_lld.o (symbol from plugin)
 .text          0x00000000        0x0 build/obj/icu_lld.o (symbol from plugin)
 .text          0x00000000        0x0 build/obj/pwm_lld.o (symbol from plugin)
 .text          0x00000000        0x0 build/obj/serial_lld.o (symbol from plugin)
 .text          0x00000000        0x0 build/obj/usb_lld.o (symbol from plugin)
 .text          0x00000000        0x0 build/obj/board.o (symbol from plugin)
 .text          0x00000000        0x0 build/obj/test.o (symbol from plugin)
[...]
Memory Configuration

Name             Origin             Length             Attributes
flash            0x08000000         0x00040000
ram0             0x20000000         0x0000a000
ram1             0x00000000         0x00000000
ram2             0x00000000         0x00000000
ram3             0x00000000         0x00000000
ram4             0x10000000         0x00002000
ram5             0x00000000         0x00000000
ram6             0x00000000         0x00000000
ram7             0x00000000         0x00000000
*default*        0x00000000         0xffffffff

Linker script and memory map

LOAD build/obj/crt0_v7m.o
LOAD build/obj/chcoreasm_v7m.o
LOAD build/obj/crt1.o
LOAD /tmp/ccbnmd4Z.ltrans0.ltrans.o
LOAD /tmp/ccbnmd4Z.ltrans1.ltrans.o
LOAD /tmp/ccbnmd4Z.ltrans2.ltrans.o
LOAD /tmp/ccbnmd4Z.ltrans3.ltrans.o
LOAD build/obj/vectors.o
LOAD build/obj/chsys.o
LOAD build/obj/chdebug.o
LOAD build/obj/chvt.o
LOAD build/obj/chschd.o
LOAD build/obj/chthreads.o
LOAD build/obj/chtm.o
LOAD build/obj/chdynamic.o
LOAD build/obj/chregistry.o
LOAD build/obj/chsem.o
LOAD build/obj/chmtx.o
LOAD build/obj/chcond.o
LOAD build/obj/chevents.o
LOAD build/obj/chmsg.o
LOAD build/obj/chmboxes.o
LOAD build/obj/chqueues.o
LOAD build/obj/chmemcore.o
LOAD build/obj/chheap.o
LOAD build/obj/chmempools.o
LOAD build/obj/chcore.o
LOAD build/obj/chcore_v7m.o
LOAD build/obj/osal.o
LOAD build/obj/hal.o
LOAD build/obj/st.o
LOAD build/obj/hal_buffers.o
LOAD build/obj/hal_queues.o
LOAD build/obj/hal_mmcsd.o
LOAD build/obj/i2c.o
LOAD build/obj/icu.o
LOAD build/obj/pal.o
LOAD build/obj/pwm.o
LOAD build/obj/serial.o
LOAD build/obj/serial_usb.o
LOAD build/obj/spi.o
LOAD build/obj/usb.o
LOAD build/obj/nvic.o
LOAD build/obj/hal_lld.o
LOAD build/obj/stm32_dma.o
LOAD build/obj/st_lld.o
LOAD build/obj/pal_lld.o
LOAD build/obj/i2c_lld.o
LOAD build/obj/spi_lld.o
LOAD build/obj/icu_lld.o
LOAD build/obj/pwm_lld.o
LOAD build/obj/serial_lld.o
LOAD build/obj/usb_lld.o
LOAD build/obj/board.o
LOAD build/obj/test.o
LOAD build/obj/testthd.o
LOAD build/obj/testsem.o
LOAD build/obj/testmtx.o
LOAD build/obj/testmsg.o
LOAD build/obj/testmbox.o
LOAD build/obj/testevt.o
LOAD build/obj/testheap.o
LOAD build/obj/testpools.o
LOAD build/obj/testdyn.o
LOAD build/obj/testqueues.o
LOAD build/obj/testsys.o
LOAD build/obj/testbmk.o
LOAD build/obj/usbcfg.o
LOAD build/obj/chprintf.o
LOAD build/obj/main.o
                0x20000000                __ram0_start__ = ORIGIN (ram0)
                0x0000a000                __ram0_size__ = LENGTH (ram0)
                0x2000a000                __ram0_end__ = (__ram0_start__ + __ram0_size__)
                0x00000000                __ram1_start__ = ORIGIN (ram1)
                0x00000000                __ram1_size__ = LENGTH (ram1)
                0x00000000                __ram1_end__ = (__ram1_start__ + __ram1_size__)
                0x00000000                __ram2_start__ = ORIGIN (ram2)
                0x00000000                __ram2_size__ = LENGTH (ram2)
                0x00000000                __ram2_end__ = (__ram2_start__ + __ram2_size__)
                0x00000000                __ram3_start__ = ORIGIN (ram3)
                0x00000000                __ram3_size__ = LENGTH (ram3)
                0x00000000                __ram3_end__ = (__ram3_start__ + __ram3_size__)
                0x10000000                __ram4_start__ = ORIGIN (ram4)
                0x00002000                __ram4_size__ = LENGTH (ram4)
                0x10002000                __ram4_end__ = (__ram4_start__ + __ram4_size__)
                0x00000000                __ram5_start__ = ORIGIN (ram5)
                0x00000000                __ram5_size__ = LENGTH (ram5)
                0x00000000                __ram5_end__ = (__ram5_start__ + __ram5_size__)
                0x00000000                __ram6_start__ = ORIGIN (ram6)
                0x00000000                __ram6_size__ = LENGTH (ram6)
                0x00000000                __ram6_end__ = (__ram6_start__ + __ram6_size__)
                0x00000000                __ram7_start__ = ORIGIN (ram7)
                0x00000000                __ram7_size__ = LENGTH (ram7)
                0x00000000                __ram7_end__ = (__ram7_start__ + __ram7_size__)
                0x00000000                . = 0x0
                0x00000000                _text = .

startup         0x08000000      0x1a0
 *(.vectors)
 .vectors       0x08000000      0x1a0 /tmp/ccbnmd4Z.ltrans1.ltrans.o
                0x08000000                _vectors

constructors    0x080001a0        0x0
                0x080001a0                __init_array_start = .
 *(SORT(.init_array.*))
 *(.init_array)
                0x080001a0                __init_array_end = .

destructors     0x080001a0        0x0
                0x080001a0                __fini_array_start = .
 *(.fini_array)
 *(SORT(.fini_array.*))
                0x080001a0                __fini_array_end = .

.text           0x080001a0     0x2c38
 *(.text)
 .text          0x080001a0      0x108 build/obj/crt0_v7m.o
                0x080001a0                Reset_Handler
 *fill*         0x080002a8        0x8 
 .text          0x080002b0       0x30 build/obj/chcoreasm_v7m.o
                0x080002b0                _port_switch
                0x080002c8                _port_thread_start
                0x080002d8                _port_switch_from_isr
                0x080002dc                _port_exit_from_isr
 *(.text.*)
 .text.set_address
                0x080002e0       0x28 /tmp/ccbnmd4Z.ltrans0.ltrans.o
 *fill*         0x08000308        0x8 
 .text.SVC_Handler
                0x08000310       0x20 /tmp/ccbnmd4Z.ltrans0.ltrans.o
                0x08000310                SVC_Handler
 .text.chCoreAlloc
                0x08000330       0x38 /tmp/ccbnmd4Z.ltrans0.ltrans.o
                0x08000330                chCoreAlloc
 *fill*         0x08000368        0x8 
 .text.wakeup.lto_priv.46
                0x08000370       0x70 /tmp/ccbnmd4Z.ltrans0.ltrans.o
                0x08000370                wakeup.lto_priv.46
 .text._idle_thread.lto_priv.47
                0x080003e0        0x4 /tmp/ccbnmd4Z.ltrans0.ltrans.o
                0x080003e0                _idle_thread.lto_priv.47
 *fill*         0x080003e4        0xc 
 .text._usb_ep0out
                0x080003f0       0xac /tmp/ccbnmd4Z.ltrans0.ltrans.o
                0x080003f0                _usb_ep0out
 *fill*         0x0800049c        0x4 
 .text._usb_ep0in
                0x080004a0       0xe4 /tmp/ccbnmd4Z.ltrans0.ltrans.o
                0x080004a0                _usb_ep0in
 *fill*         0x08000584        0xc 
 .text._usb_ep0setup
                0x08000590      0x450 /tmp/ccbnmd4Z.ltrans0.ltrans.o
                0x08000590                _usb_ep0setup
 .text._port_irq_epilogue
                0x080009e0       0x64 /tmp/ccbnmd4Z.ltrans0.ltrans.o
                0x080009e0                _port_irq_epilogue
 *fill*         0x08000a44        0xc 
 .text.Vector7C
                0x08000a50       0x3c /tmp/ccbnmd4Z.ltrans0.ltrans.o
                0x08000a50                Vector7C
 *fill*         0x08000a8c        0x4 
 .text.Vector78
                0x08000a90       0x3c /tmp/ccbnmd4Z.ltrans0.ltrans.o
                0x08000a90                Vector78
 *fill*         0x08000acc        0x4 
 .text.Vector74
                0x08000ad0       0x3c /tmp/ccbnmd4Z.ltrans0.ltrans.o
                0x08000ad0                Vector74
 *fill*         0x08000b0c        0x4 
 .text.Vector70
                0x08000b10       0x3c /tmp/ccbnmd4Z.ltrans0.ltrans.o
                0x08000b10                Vector70
 *fill*         0x08000b4c        0x4 
 .text.Vector6C
                0x08000b50       0x34 /tmp/ccbnmd4Z.ltrans0.ltrans.o
                0x08000b50                Vector6C
 *fill*         0x08000b84        0xc 
 .text.chTMStopMeasurementX
                0x08000b90       0x44 /tmp/ccbnmd4Z.ltrans0.ltrans.o
                0x08000b90                chTMStopMeasurementX
 *fill*         0x08000bd4        0xc 
 .text.chSchDoRescheduleAhead
                0x08000be0       0x3c /tmp/ccbnmd4Z.ltrans0.ltrans.o
                0x08000be0                chSchDoRescheduleAhead
 *fill*         0x08000c1c        0x4 
 .text.chSchDoReschedule
                0x08000c20        0x4 /tmp/ccbnmd4Z.ltrans0.ltrans.o
                0x08000c20                chSchDoReschedule
 *fill*         0x08000c24        0xc 
 .text.chSchGoSleepS
                0x08000c30       0x24 /tmp/ccbnmd4Z.ltrans0.ltrans.o
                0x08000c30                chSchGoSleepS
 *fill*         0x08000c54        0xc 
 .text.chSchGoSleepTimeoutS
                0x08000c60      0x118 /tmp/ccbnmd4Z.ltrans0.ltrans.o
                0x08000c60                chSchGoSleepTimeoutS
 *fill*         0x08000d78        0x8 
 .text.chThdEnqueueTimeoutS
                0x08000d80       0x28 /tmp/ccbnmd4Z.ltrans0.ltrans.o
 *fill*         0x08000da8        0x8 
 .text.chOQWriteTimeout
                0x08000db0       0x88 /tmp/ccbnmd4Z.ltrans0.ltrans.o
 *fill*         0x08000e38        0x8 
 .text.writet.lto_priv.56
                0x08000e40        0x8 /tmp/ccbnmd4Z.ltrans0.ltrans.o
                0x08000e40                writet.lto_priv.56
 *fill*         0x08000e48        0x8 
 .text.write.lto_priv.50
                0x08000e50        0xc /tmp/ccbnmd4Z.ltrans0.ltrans.o
                0x08000e50                write.lto_priv.50
 *fill*         0x08000e5c        0x4 
 .text.chOQPutTimeout
                0x08000e60       0x54 /tmp/ccbnmd4Z.ltrans0.ltrans.o
 *fill*         0x08000eb4        0xc 
 .text.putt.lto_priv.54
                0x08000ec0        0x8 /tmp/ccbnmd4Z.ltrans0.ltrans.o
                0x08000ec0                putt.lto_priv.54
 *fill*         0x08000ec8        0x8 
 .text.put.lto_priv.52
                0x08000ed0        0xc /tmp/ccbnmd4Z.ltrans0.ltrans.o
                0x08000ed0                put.lto_priv.52
 *fill*         0x08000edc        0x4 
 .text.chIQReadTimeout
                0x08000ee0       0x78 /tmp/ccbnmd4Z.ltrans0.ltrans.o
 *fill*         0x08000f58        0x8 
 .text.readt.lto_priv.57
                0x08000f60        0x8 /tmp/ccbnmd4Z.ltrans0.ltrans.o
                0x08000f60                readt.lto_priv.57
 *fill*         0x08000f68        0x8 
 .text.read.lto_priv.51
                0x08000f70        0xc /tmp/ccbnmd4Z.ltrans0.ltrans.o
                0x08000f70                read.lto_priv.51
 *fill*         0x08000f7c        0x4 
 .text.chIQGetTimeout
                0x08000f80       0x50 /tmp/ccbnmd4Z.ltrans0.ltrans.o
 .text.gett.lto_priv.55
                0x08000fd0        0x8 /tmp/ccbnmd4Z.ltrans0.ltrans.o
                0x08000fd0                gett.lto_priv.55
 *fill*         0x08000fd8        0x8 
 .text.get.lto_priv.53
                0x08000fe0        0xc /tmp/ccbnmd4Z.ltrans0.ltrans.o
                0x08000fe0                get.lto_priv.53
 *fill*         0x08000fec        0x4 
 .text.chThdSleep
                0x08000ff0       0x18 /tmp/ccbnmd4Z.ltrans0.ltrans.o
                0x08000ff0                chThdSleep
 *fill*         0x08001008        0x8 
 .text.chSchReadyI
                0x08001010       0x2c /tmp/ccbnmd4Z.ltrans0.ltrans.o
                0x08001010                chSchReadyI
 *fill*         0x0800103c        0x4 
 .text.chThdExit
                0x08001040       0x48 /tmp/ccbnmd4Z.ltrans0.ltrans.o
                0x08001040                chThdExit
 *fill*         0x08001088        0x8 
 .text._unhandled_exception
                0x08001090        0x4 /tmp/ccbnmd4Z.ltrans0.ltrans.o
                0x08001090                Vector58
                0x08001090                VectorE8
                0x08001090                Vector9C
                0x08001090                DebugMon_Handler
                0x08001090                Vector5C
                0x08001090                Vector11C
                0x08001090                HardFault_Handler
                0x08001090                Vector19C
                0x08001090                Vector8C
                0x08001090                SysTick_Handler
                0x08001090                VectorDC
                0x08001090                PendSV_Handler
                0x08001090                Vector168
                0x08001090                NMI_Handler
                0x08001090                Vector110
                0x08001090                VectorC8
                0x08001090                Vector94
                0x08001090                VectorA8
                0x08001090                VectorB4
                0x08001090                Vector160
                0x08001090                UsageFault_Handler
                0x08001090                VectorEC
                0x08001090                Vector40
                0x08001090                VectorF8
                0x08001090                Vector108
                0x08001090                Vector190
                0x08001090                Vector150
                0x08001090                Vector148
                0x08001090                Vector188
                0x08001090                Vector198
                0x08001090                Vector118
                0x08001090                Vector64
                0x08001090                VectorCC
                0x08001090                Vector54
                0x08001090                Vector98
                0x08001090                VectorD8
                0x08001090                Vector138
                0x08001090                Vector24
                0x08001090                Vector178
                0x08001090                VectorD0
                0x08001090                Vector140
                0x08001090                VectorE4
                0x08001090                Vector158
                0x08001090                Vector134
                0x08001090                VectorF0
                0x08001090                Vector13C
                0x08001090                Vector100
                0x08001090                VectorE0
                0x08001090                VectorF4
                0x08001090                MemManage_Handler
                0x08001090                VectorA0
                0x08001090                VectorC4
                0x08001090                Vector180
                0x08001090                Vector90
                0x08001090                Vector114
                0x08001090                Vector164
                0x08001090                Vector60
                0x08001090                Vector1C
                0x08001090                Vector17C
                0x08001090                Vector48
                0x08001090                Vector4C
                0x08001090                Vector144
                0x08001090                Vector15C
                0x08001090                Vector68
                0x08001090                _unhandled_exception
                0x08001090                Vector170
                0x08001090                Vector88
                0x08001090                Vector104
                0x08001090                Vector184
                0x08001090                Vector10C
                0x08001090                Vector14C
                0x08001090                BusFault_Handler
                0x08001090                Vector50
                0x08001090                Vector194
                0x08001090                Vector154
                0x08001090                Vector44
                0x08001090                Vector28
                0x08001090                VectorFC
                0x08001090                Vector34
                0x08001090                Vector20
                0x08001090                Vector18C
                0x08001090                Vector174
 *fill*         0x08001094        0xc 
 .text.__init_ram_areas
                0x080010a0       0x64 /tmp/ccbnmd4Z.ltrans0.ltrans.o
                0x080010a0                __init_ram_areas
 *fill*         0x08001104        0xc 
 .text.__default_exit
                0x08001110        0x4 /tmp/ccbnmd4Z.ltrans0.ltrans.o
                0x08001110                __default_exit
 *fill*         0x08001114        0xc 
 .text.__late_init
                0x08001120        0x4 /tmp/ccbnmd4Z.ltrans0.ltrans.o
                0x08001120                __late_init
 *fill*         0x08001124        0xc 
 .text.__core_init
                0x08001130        0x4 /tmp/ccbnmd4Z.ltrans0.ltrans.o
                0x08001130                __core_init
 *fill*         0x08001134        0xc 
 .text.notify1.lto_priv.48
                0x08001140       0x10 /tmp/ccbnmd4Z.ltrans1.ltrans.o
                0x08001140                notify1.lto_priv.48
 .text.Vector16C
                0x08001150      0x38c /tmp/ccbnmd4Z.ltrans1.ltrans.o
 *fill*         0x080014dc        0x4 
 .text.VectorB8
                0x080014e0       0x64 /tmp/ccbnmd4Z.ltrans1.ltrans.o
 *fill*         0x08001544        0xc 
 .text.VectorA4
                0x08001550       0x9c /tmp/ccbnmd4Z.ltrans1.ltrans.o
 *fill*         0x080015ec        0x4 
 .text.VectorAC
                0x080015f0        0x4 /tmp/ccbnmd4Z.ltrans1.ltrans.o
 *fill*         0x080015f4        0xc 
 .text.VectorB0
                0x08001600       0x94 /tmp/ccbnmd4Z.ltrans1.ltrans.o
 *fill*         0x08001694        0xc 
 .text.Vector130
                0x080016a0       0x3c /tmp/ccbnmd4Z.ltrans1.ltrans.o
 *fill*         0x080016dc        0x4 
 .text.Vector12C
                0x080016e0       0x3c /tmp/ccbnmd4Z.ltrans1.ltrans.o
 *fill*         0x0800171c        0x4 
 .text.Vector128
                0x08001720       0x3c /tmp/ccbnmd4Z.ltrans1.ltrans.o
 *fill*         0x0800175c        0x4 
 .text.Vector124
                0x08001760       0x3c /tmp/ccbnmd4Z.ltrans1.ltrans.o
 *fill*         0x0800179c        0x4 
 .text.Vector120
                0x080017a0       0x34 /tmp/ccbnmd4Z.ltrans1.ltrans.o
 *fill*         0x080017d4        0xc 
 .text.Vector84
                0x080017e0       0x3c /tmp/ccbnmd4Z.ltrans1.ltrans.o
 *fill*         0x0800181c        0x4 
 .text.Vector80
                0x08001820       0x3c /tmp/ccbnmd4Z.ltrans1.ltrans.o
 *fill*         0x0800185c        0x4 
 .text.VectorD4
                0x08001860      0x190 /tmp/ccbnmd4Z.ltrans1.ltrans.o
 .text.VectorC0
                0x080019f0       0xa0 /tmp/ccbnmd4Z.ltrans1.ltrans.o
 .text.VectorBC
                0x08001a90      0x1b8 /tmp/ccbnmd4Z.ltrans1.ltrans.o
 *fill*         0x08001c48        0x8 
 .text.setState
                0x08001c50       0x44 /tmp/ccbnmd4Z.ltrans1.ltrans.o
                0x08001c50                setState
 *fill*         0x08001c94        0xc 
 .text.__early_init
                0x08001ca0       0xa0 /tmp/ccbnmd4Z.ltrans1.ltrans.o
                0x08001ca0                __early_init
 .text.ModeTask
                0x08001d40        0xc /tmp/ccbnmd4Z.ltrans2.ltrans.o
 *fill*         0x08001d4c        0x4 
 .text.RollAssisTask
                0x08001d50      0x168 /tmp/ccbnmd4Z.ltrans2.ltrans.o
 *fill*         0x08001eb8        0x8 
 .text.AltAssisTask
                0x08001ec0       0xd8 /tmp/ccbnmd4Z.ltrans2.ltrans.o
 *fill*         0x08001f98        0x8 
 .text.GyrosTask
                0x08001fa0       0xe0 /tmp/ccbnmd4Z.ltrans2.ltrans.o
 .text.startup.main
                0x08002080      0x66c /tmp/ccbnmd4Z.ltrans2.ltrans.o
                0x08002080                main
 *fill*         0x080026ec        0x4 
 .text.chThdCreateStatic.constprop.44
                0x080026f0       0xa0 /tmp/ccbnmd4Z.ltrans3.ltrans.o
                0x080026f0                chThdCreateStatic.constprop.44
 .text.chTMStartMeasurementX.constprop.42
                0x08002790        0xc /tmp/ccbnmd4Z.ltrans3.ltrans.o
                0x08002790                chTMStartMeasurementX.constprop.42
 *fill*         0x0800279c        0x4 
 .text.chMtxLockS.constprop.38
                0x080027a0       0xd4 /tmp/ccbnmd4Z.ltrans3.ltrans.o
                0x080027a0                chMtxLockS.constprop.38
 *fill*         0x08002874        0xc 
 .text.chMtxUnlock.constprop.36
                0x08002880       0x78 /tmp/ccbnmd4Z.ltrans3.ltrans.o
                0x08002880                chMtxUnlock.constprop.36
 *fill*         0x080028f8        0x8 
 .text.chEvtBroadcastFlagsI.constprop.35
                0x08002900       0x64 /tmp/ccbnmd4Z.ltrans3.ltrans.o
                0x08002900                chEvtBroadcastFlagsI.constprop.35
 *fill*         0x08002964        0xc 
 .text.dmaStreamAllocate.constprop.23
                0x08002970       0x80 /tmp/ccbnmd4Z.ltrans3.ltrans.o
                0x08002970                dmaStreamAllocate.constprop.23
 .text.i2c_lld_master_transmit_timeout.constprop.20
                0x080029f0      0x108 /tmp/ccbnmd4Z.ltrans3.ltrans.o
                0x080029f0                i2c_lld_master_transmit_timeout.constprop.20
 *fill*         0x08002af8        0x8 
 .text.usb_lld_start_in.constprop.10
                0x08002b00       0x70 /tmp/ccbnmd4Z.ltrans3.ltrans.o
                0x08002b00                usb_lld_start_in.constprop.10
 .text.usb_lld_start_out.constprop.9
                0x08002b70       0x3c /tmp/ccbnmd4Z.ltrans3.ltrans.o
                0x08002b70                usb_lld_start_out.constprop.9
 *(.rodata)
 *(.rodata.*)
 *fill*         0x08002bac        0x4 
 .rodata.zero_status
                0x08002bb0        0x2 /tmp/ccbnmd4Z.ltrans0.ltrans.o
 *fill*         0x08002bb2        0xe 
 .rodata.active_status
                0x08002bc0        0x2 /tmp/ccbnmd4Z.ltrans0.ltrans.o
 *fill*         0x08002bc2        0xe 
 .rodata.ram_areas
                0x08002bd0       0x80 /tmp/ccbnmd4Z.ltrans0.ltrans.o
 .rodata.halted_status
                0x08002c50        0x2 /tmp/ccbnmd4Z.ltrans0.ltrans.o
 *fill*         0x08002c52        0xe 
 .rodata.ep0config
                0x08002c60       0x24 /tmp/ccbnmd4Z.ltrans1.ltrans.o
 *fill*         0x08002c84        0xc 
 .rodata.ch_debug
                0x08002c90       0x16 /tmp/ccbnmd4Z.ltrans2.ltrans.o
 *fill*         0x08002ca6        0xa 
 .rodata.vmt    0x08002cb0       0x20 /tmp/ccbnmd4Z.ltrans2.ltrans.o
 .rodata.i2cconfig
                0x08002cd0        0xc /tmp/ccbnmd4Z.ltrans2.ltrans.o
 *fill*         0x08002cdc        0x4 
 .rodata._stm32_dma_streams
                0x08002ce0       0xf0 /tmp/ccbnmd4Z.ltrans2.ltrans.o
 .rodata.str1.4
                0x08002dd0        0x8 /tmp/ccbnmd4Z.ltrans2.ltrans.o
                                  0x5 (size before relaxing)
 *(.glue_7t)
 .glue_7t       0x08002dd8        0x0 linker stubs
 *(.glue_7)
 .glue_7        0x08002dd8        0x0 linker stubs
 *(.gcc*)

.vfp11_veneer   0x08002dd8        0x0
 .vfp11_veneer  0x08002dd8        0x0 linker stubs

.v4_bx          0x08002dd8        0x0
 .v4_bx         0x08002dd8        0x0 linker stubs

.iplt           0x08002dd8        0x0
 .iplt          0x08002dd8        0x0 build/obj/crt0_v7m.o

.rel.dyn        0x08002dd8        0x0
 .rel.iplt      0x08002dd8        0x0 build/obj/crt0_v7m.o

.ARM.extab
 *(.ARM.extab* .gnu.linkonce.armextab.*)

.ARM.exidx      0x08002dd8        0x0
                0x08002dd8                __exidx_start = .
 *(.ARM.exidx* .gnu.linkonce.armexidx.*)
                0x08002dd8                __exidx_end = .

.eh_frame_hdr
 *(.eh_frame_hdr)

.eh_frame
 *(.eh_frame)

.textalign      0x08002dd8        0x0
                0x08002dd8                . = ALIGN (0x8)
                0x08002dd8                . = ALIGN (0x4)
                [!provide]                PROVIDE (_etext, .)

.mstack         0x20000000      0x400
                0x20000000                . = ALIGN (0x8)
                0x20000000                __main_stack_base__ = .
                0x20000400                . = (. + __main_stack_size__)
 *fill*         0x20000000      0x400 
                0x20000400                . = ALIGN (0x8)
                0x20000400                __main_stack_end__ = .

.pstack         0x20000400      0x400
                0x20000400                __process_stack_base__ = .
                0x20000400                __main_thread_stack_base__ = .
                0x20000800                . = (. + __process_stack_size__)
 *fill*         0x20000400      0x400 
                0x20000800                . = ALIGN (0x8)
                0x20000800                __process_stack_end__ = .
                0x20000800                __main_thread_stack_end__ = .

.data           0x20000800        0x4 load address 0x08002dd8
                0x20000800                . = ALIGN (0x4)
                [!provide]                PROVIDE (_textdata, LOADADDR (.data))
                [!provide]                PROVIDE (_data, .)
                0x08002dd8                _textdata_start = LOADADDR (.data)
                0x20000800                _data_start = .
 *(.data)
 *(.data.*)
 .data.treshold
                0x20000800        0x1 /tmp/ccbnmd4Z.ltrans2.ltrans.o
 *(.ramtext)
                0x20000804                . = ALIGN (0x4)
 *fill*         0x20000801        0x3 
                [!provide]                PROVIDE (_edata, .)
                0x20000804                _data_end = .

.igot.plt       0x20000804        0x0 load address 0x08002ddc
 .igot.plt      0x20000804        0x0 build/obj/crt0_v7m.o

.bss            0x20000808      0xb80 load address 0x08002ddc
                0x20000808                . = ALIGN (0x4)
                0x20000808                _bss_start = .
 *(.bss)
 *(.bss.*)
 .bss.ep0_state
                0x20000808       0x10 /tmp/ccbnmd4Z.ltrans1.ltrans.o
 .bss.ep0setup_buffer
                0x20000818        0x8 /tmp/ccbnmd4Z.ltrans1.ltrans.o
 .bss.waRollAssisTask
                0x20000820      0x1d0 /tmp/ccbnmd4Z.ltrans2.ltrans.o
 .bss.gyroData  0x200009f0        0xc /tmp/ccbnmd4Z.ltrans2.ltrans.o
 .bss.SPID1     0x200009fc       0x30 /tmp/ccbnmd4Z.ltrans2.ltrans.o
 .bss.PWMD4     0x20000a2c       0x1c /tmp/ccbnmd4Z.ltrans2.ltrans.o
                0x20000a2c                PWMD4
 .bss.USBD1     0x20000a48       0x88 /tmp/ccbnmd4Z.ltrans2.ltrans.o
                0x20000a48                USBD1
 .bss.endmem.lto_priv.58
                0x20000ad0        0x4 /tmp/ccbnmd4Z.ltrans2.ltrans.o
                0x20000ad0                endmem.lto_priv.58
 .bss.nextmem.lto_priv.59
                0x20000ad4        0x4 /tmp/ccbnmd4Z.ltrans2.ltrans.o
                0x20000ad4                nextmem.lto_priv.59
 .bss.waAltAssisTask
                0x20000ad8      0x1d0 /tmp/ccbnmd4Z.ltrans2.ltrans.o
 .bss.waGyrosTask
                0x20000ca8      0x1d0 /tmp/ccbnmd4Z.ltrans2.ltrans.o
 .bss.currentState
                0x20000e78       0x14 /tmp/ccbnmd4Z.ltrans2.ltrans.o
                0x20000e78                currentState
 *fill*         0x20000e8c        0x4 
 .bss.default_heap
                0x20000e90       0x20 /tmp/ccbnmd4Z.ltrans2.ltrans.o
 .bss.waModeTask
                0x20000eb0      0x1d0 /tmp/ccbnmd4Z.ltrans2.ltrans.o
 .bss.ICUD1     0x20001080       0x18 /tmp/ccbnmd4Z.ltrans2.ltrans.o
                0x20001080                ICUD1
 .bss._stm32_dma_isr_redir
                0x20001098       0x60 /tmp/ccbnmd4Z.ltrans3.ltrans.o
                0x20001098                _stm32_dma_isr_redir
 .bss.SD1       0x200010f8       0x7c /tmp/ccbnmd4Z.ltrans3.ltrans.o
                0x200010f8                SD1
 *fill*         0x20001174        0x4 
 .bss.ch        0x20001178      0x1d8 /tmp/ccbnmd4Z.ltrans3.ltrans.o
                0x20001178                ch
 .bss.dma_streams_mask.lto_priv.49
                0x20001350        0x4 /tmp/ccbnmd4Z.ltrans3.ltrans.o
                0x20001350                dma_streams_mask.lto_priv.49
 .bss.I2CD1     0x20001354       0x34 /tmp/ccbnmd4Z.ltrans3.ltrans.o
                0x20001354                I2CD1
 *(COMMON)
                0x20001388                . = ALIGN (0x4)
                0x20001388                _bss_end = .
                [!provide]                PROVIDE (end, .)

.ram0_init      0x20001388        0x0 load address 0x08002ddc
                0x20001388                . = ALIGN (0x4)
                0x08002ddc                __ram0_init_text__ = LOADADDR (.ram0_init)
                0x20001388                __ram0_init__ = .
 *(.ram0_init)
 *(.ram0_init.*)
                0x20001388                . = ALIGN (0x4)

.ram0           0x20001388        0x0 load address 0x08002ddc
                0x20001388                . = ALIGN (0x4)
                0x20001388                __ram0_clear__ = .
 *(.ram0_clear)
 *(.ram0_clear.*)
                0x20001388                . = ALIGN (0x4)
                0x20001388                __ram0_noinit__ = .
 *(.ram0)
 *(.ram0.*)
                0x20001388                . = ALIGN (0x4)
                0x20001388                __ram0_free__ = .

.ram1_init      0x00000000        0x0 load address 0x08002ddc
                0x00000000                . = ALIGN (0x4)
                0x08002ddc                __ram1_init_text__ = LOADADDR (.ram1_init)
                0x00000000                __ram1_init__ = .
 *(.ram1_init)
 *(.ram1_init.*)
                0x00000000                . = ALIGN (0x4)

.ram1           0x00000000        0x0 load address 0x08002ddc
                0x00000000                . = ALIGN (0x4)
                0x00000000                __ram1_clear__ = .
 *(.ram1_clear)
 *(.ram1_clear.*)
                0x00000000                . = ALIGN (0x4)
                0x00000000                __ram1_noinit__ = .
 *(.ram1)
 *(.ram1.*)
                0x00000000                . = ALIGN (0x4)
                0x00000000                __ram1_free__ = .

.ram2_init      0x00000000        0x0 load address 0x08002ddc
                0x00000000                . = ALIGN (0x4)
                0x08002ddc                __ram2_init_text__ = LOADADDR (.ram2_init)
                0x00000000                __ram2_init__ = .
 *(.ram2_init)
 *(.ram2_init.*)
                0x00000000                . = ALIGN (0x4)

.ram2           0x00000000        0x0 load address 0x08002ddc
                0x00000000                . = ALIGN (0x4)
                0x00000000                __ram2_clear__ = .
 *(.ram2_clear)
 *(.ram2_clear.*)
                0x00000000                . = ALIGN (0x4)
                0x00000000                __ram2_noinit__ = .
 *(.ram2)
 *(.ram2.*)
                0x00000000                . = ALIGN (0x4)
                0x00000000                __ram2_free__ = .

.ram3_init      0x00000000        0x0 load address 0x08002ddc
                0x00000000                . = ALIGN (0x4)
                0x08002ddc                __ram3_init_text__ = LOADADDR (.ram3_init)
                0x00000000                __ram3_init__ = .
 *(.ram3_init)
 *(.ram3_init.*)
                0x00000000                . = ALIGN (0x4)

.ram3           0x00000000        0x0 load address 0x08002ddc
                0x00000000                . = ALIGN (0x4)
                0x00000000                __ram3_clear__ = .
 *(.ram3_clear)
 *(.ram3_clear.*)
                0x00000000                . = ALIGN (0x4)
                0x00000000                __ram3_noinit__ = .
 *(.ram3)
 *(.ram3.*)
                0x00000000                . = ALIGN (0x4)
                0x00000000                __ram3_free__ = .

.ram4_init      0x10000000        0x0 load address 0x08002ddc
                0x10000000                . = ALIGN (0x4)
                0x08002ddc                __ram4_init_text__ = LOADADDR (.ram4_init)
                0x10000000                __ram4_init__ = .
 *(.ram4_init)
 *(.ram4_init.*)
                0x10000000                . = ALIGN (0x4)

.ram4           0x10000000        0x0 load address 0x08002ddc
                0x10000000                . = ALIGN (0x4)
                0x10000000                __ram4_clear__ = .
 *(.ram4_clear)
 *(.ram4_clear.*)
                0x10000000                . = ALIGN (0x4)
                0x10000000                __ram4_noinit__ = .
 *(.ram4)
 *(.ram4.*)
                0x10000000                . = ALIGN (0x4)
                0x10000000                __ram4_free__ = .

.ram5_init      0x00000000        0x0 load address 0x08002ddc
                0x00000000                . = ALIGN (0x4)
                0x08002ddc                __ram5_init_text__ = LOADADDR (.ram5_init)
                0x00000000                __ram5_init__ = .
 *(.ram5_init)
 *(.ram5_init.*)
                0x00000000                . = ALIGN (0x4)

.ram5           0x00000000        0x0 load address 0x08002ddc
                0x00000000                . = ALIGN (0x4)
                0x00000000                __ram5_clear__ = .
 *(.ram5_clear)
 *(.ram5_clear.*)
                0x00000000                . = ALIGN (0x4)
                0x00000000                __ram5_noinit__ = .
 *(.ram5)
 *(.ram5.*)
                0x00000000                . = ALIGN (0x4)
                0x00000000                __ram5_free__ = .

.ram6_init      0x00000000        0x0 load address 0x08002ddc
                0x00000000                . = ALIGN (0x4)
                0x08002ddc                __ram6_init_text__ = LOADADDR (.ram6_init)
                0x00000000                __ram6_init__ = .
 *(.ram6_init)
 *(.ram6_init.*)
                0x00000000                . = ALIGN (0x4)

.ram6           0x00000000        0x0 load address 0x08002ddc
                0x00000000                . = ALIGN (0x4)
                0x00000000                __ram6_clear__ = .
 *(.ram6_clear)
 *(.ram6_clear.*)
                0x00000000                . = ALIGN (0x4)
                0x00000000                __ram6_noinit__ = .
 *(.ram6)
 *(.ram6.*)
                0x00000000                . = ALIGN (0x4)
                0x00000000                __ram6_free__ = .

.ram7_init      0x00000000        0x0 load address 0x08002ddc
                0x00000000                . = ALIGN (0x4)
                0x08002ddc                __ram7_init_text__ = LOADADDR (.ram7_init)
                0x00000000                __ram7_init__ = .
 *(.ram7_init)
 *(.ram7_init.*)
                0x00000000                . = ALIGN (0x4)

.ram7           0x00000000        0x0 load address 0x08002ddc
                0x00000000                . = ALIGN (0x4)
                0x00000000                __ram7_clear__ = .
 *(.ram7_clear)
 *(.ram7_clear.*)
                0x00000000                . = ALIGN (0x4)
                0x00000000                __ram7_noinit__ = .
 *(.ram7)
 *(.ram7.*)
                0x00000000                . = ALIGN (0x4)
                0x00000000                __ram7_free__ = .

.heap           0x20001388     0x8c78
                0x20001388                . = ALIGN (0x8)
                0x20001388                __heap_base__ = .
                0x2000a000                . = (ORIGIN (HEAP_RAM) + LENGTH (HEAP_RAM))
 *fill*         0x20001388     0x8c78 
                0x2000a000                __heap_end__ = .
                0x00000400                __process_stack_size__ = 0x400
                0x00000400                __main_stack_size__ = 0x400
START GROUP
LOAD /home/bobiko/tools/gcc-arm-none-eabi/bin/../lib/gcc/arm-none-eabi/5.4.1/armv7e-m/fpu/libgcc.a
LOAD /home/bobiko/tools/gcc-arm-none-eabi/bin/../lib/gcc/arm-none-eabi/5.4.1/../../../../arm-none-eabi/lib/armv7e-m/fpu/libg.a
LOAD /home/bobiko/tools/gcc-arm-none-eabi/bin/../lib/gcc/arm-none-eabi/5.4.1/../../../../arm-none-eabi/lib/armv7e-m/fpu/libc.a
END GROUP
OUTPUT(build/ch.elf elf32-littlearm)

.ARM.attributes
                0x00000000       0x33
 .ARM.attributes
                0x00000000       0x25 build/obj/crt0_v7m.o
 .ARM.attributes
                0x00000025       0x25 build/obj/chcoreasm_v7m.o
 .ARM.attributes
                0x0000004a       0x37 /tmp/ccbnmd4Z.ltrans0.ltrans.o
 .ARM.attributes
                0x00000081       0x37 /tmp/ccbnmd4Z.ltrans1.ltrans.o
 .ARM.attributes
                0x000000b8       0x37 /tmp/ccbnmd4Z.ltrans2.ltrans.o
 .ARM.attributes
                0x000000ef       0x37 /tmp/ccbnmd4Z.ltrans3.ltrans.o

.comment        0x00000000       0x6e
 .comment       0x00000000       0x6e /tmp/ccbnmd4Z.ltrans0.ltrans.o
                                 0x6f (size before relaxing)
 .comment       0x0000006e       0x6f /tmp/ccbnmd4Z.ltrans1.ltrans.o
 .comment       0x0000006e       0x6f /tmp/ccbnmd4Z.ltrans2.ltrans.o
 .comment       0x0000006e       0x6f /tmp/ccbnmd4Z.ltrans3.ltrans.o

.debug_info     0x00000000     0xc1bc
 .debug_info    0x00000000     0x3ad9 /tmp/ccbnmd4Z.ltrans0.ltrans.o
 .debug_info    0x00003ad9     0x322c /tmp/ccbnmd4Z.ltrans1.ltrans.o
 .debug_info    0x00006d05     0x32df /tmp/ccbnmd4Z.ltrans2.ltrans.o
 .debug_info    0x00009fe4     0x21d8 /tmp/ccbnmd4Z.ltrans3.ltrans.o

.debug_abbrev   0x00000000     0x136c
 .debug_abbrev  0x00000000      0x690 /tmp/ccbnmd4Z.ltrans0.ltrans.o
 .debug_abbrev  0x00000690      0x481 /tmp/ccbnmd4Z.ltrans1.ltrans.o
 .debug_abbrev  0x00000b11      0x448 /tmp/ccbnmd4Z.ltrans2.ltrans.o
 .debug_abbrev  0x00000f59      0x413 /tmp/ccbnmd4Z.ltrans3.ltrans.o

.debug_loc      0x00000000     0x3633
 .debug_loc     0x00000000     0x1a34 /tmp/ccbnmd4Z.ltrans0.ltrans.o
 .debug_loc     0x00001a34      0xb6b /tmp/ccbnmd4Z.ltrans1.ltrans.o
 .debug_loc     0x0000259f      0x69a /tmp/ccbnmd4Z.ltrans2.ltrans.o
 .debug_loc     0x00002c39      0x9fa /tmp/ccbnmd4Z.ltrans3.ltrans.o

.debug_aranges  0x00000000      0x290
 .debug_aranges
                0x00000000      0x150 /tmp/ccbnmd4Z.ltrans0.ltrans.o
 .debug_aranges
                0x00000150       0xa0 /tmp/ccbnmd4Z.ltrans1.ltrans.o
 .debug_aranges
                0x000001f0       0x40 /tmp/ccbnmd4Z.ltrans2.ltrans.o
 .debug_aranges
                0x00000230       0x60 /tmp/ccbnmd4Z.ltrans3.ltrans.o

.debug_ranges   0x00000000     0x17b8
 .debug_ranges  0x00000000      0x610 /tmp/ccbnmd4Z.ltrans0.ltrans.o
 .debug_ranges  0x00000610      0x530 /tmp/ccbnmd4Z.ltrans1.ltrans.o
 .debug_ranges  0x00000b40      0x988 /tmp/ccbnmd4Z.ltrans2.ltrans.o
 .debug_ranges  0x000014c8      0x2f0 /tmp/ccbnmd4Z.ltrans3.ltrans.o

.debug_line     0x00000000     0x3041
 .debug_line    0x00000000      0xe52 /tmp/ccbnmd4Z.ltrans0.ltrans.o
 .debug_line    0x00000e52      0xc6e /tmp/ccbnmd4Z.ltrans1.ltrans.o
 .debug_line    0x00001ac0      0xcf8 /tmp/ccbnmd4Z.ltrans2.ltrans.o
 .debug_line    0x000027b8      0x889 /tmp/ccbnmd4Z.ltrans3.ltrans.o

.debug_str      0x00000000     0x249f
 .debug_str     0x00000000     0x103c /tmp/ccbnmd4Z.ltrans0.ltrans.o
                               0x10fe (size before relaxing)
 .debug_str     0x0000103c      0x882 /tmp/ccbnmd4Z.ltrans1.ltrans.o
                               0x130e (size before relaxing)
 .debug_str     0x000018be      0x7b5 /tmp/ccbnmd4Z.ltrans2.ltrans.o
                               0x1577 (size before relaxing)
 .debug_str     0x00002073      0x42c /tmp/ccbnmd4Z.ltrans3.ltrans.o
                               0x114e (size before relaxing)

.debug_frame    0x00000000      0x844
 .debug_frame   0x00000000      0x40c /tmp/ccbnmd4Z.ltrans0.ltrans.o
 .debug_frame   0x0000040c      0x280 /tmp/ccbnmd4Z.ltrans1.ltrans.o
 .debug_frame   0x0000068c       0xa0 /tmp/ccbnmd4Z.ltrans2.ltrans.o
 .debug_frame   0x0000072c      0x118 /tmp/ccbnmd4Z.ltrans3.ltrans.o

Cross Reference Table

Symbol                                            File
BusFault_Handler                                  /tmp/ccbnmd4Z.ltrans0.ltrans.o
                                                  build/obj/vectors.o (symbol from plugin)
                                                  /tmp/ccbnmd4Z.ltrans1.ltrans.o
DebugMon_Handler                                  /tmp/ccbnmd4Z.ltrans0.ltrans.o
                                                  build/obj/vectors.o (symbol from plugin)
                                                  /tmp/ccbnmd4Z.ltrans1.ltrans.o
HardFault_Handler                                 /tmp/ccbnmd4Z.ltrans0.ltrans.o
                                                  build/obj/vectors.o (symbol from plugin)
                                                  /tmp/ccbnmd4Z.ltrans1.ltrans.o
I2CD1                                             /tmp/ccbnmd4Z.ltrans3.ltrans.o
                                                  build/obj/i2c_lld.o (symbol from plugin)
                                                  /tmp/ccbnmd4Z.ltrans2.ltrans.o
                                                  /tmp/ccbnmd4Z.ltrans1.ltrans.o
                                                  build/obj/main.o (symbol from plugin)
ICUD1                                             /tmp/ccbnmd4Z.ltrans2.ltrans.o
                                                  build/obj/icu_lld.o (symbol from plugin)
                                                  /tmp/ccbnmd4Z.ltrans1.ltrans.o
MemManage_Handler                                 /tmp/ccbnmd4Z.ltrans0.ltrans.o
                                                  build/obj/vectors.o (symbol from plugin)
                                                  /tmp/ccbnmd4Z.ltrans1.ltrans.o
NMI_Handler                                       /tmp/ccbnmd4Z.ltrans0.ltrans.o
                                                  build/obj/vectors.o (symbol from plugin)
                                                  /tmp/ccbnmd4Z.ltrans1.ltrans.o
PWMD4                                             /tmp/ccbnmd4Z.ltrans2.ltrans.o
                                                  build/obj/pwm_lld.o (symbol from plugin)
                                                  /tmp/ccbnmd4Z.ltrans1.ltrans.o
PendSV_Handler                                    /tmp/ccbnmd4Z.ltrans0.ltrans.o
                                                  build/obj/vectors.o (symbol from plugin)
                                                  /tmp/ccbnmd4Z.ltrans1.ltrans.o
Reset_Handler                                     build/obj/crt0_v7m.o
                                                  /tmp/ccbnmd4Z.ltrans1.ltrans.o
                                                  build/obj/vectors.o (symbol from plugin)
SD1                                               /tmp/ccbnmd4Z.ltrans3.ltrans.o
                                                  build/obj/serial_lld.o (symbol from plugin)
                                                  /tmp/ccbnmd4Z.ltrans2.ltrans.o
                                                  /tmp/ccbnmd4Z.ltrans1.ltrans.o
SDU1                                              build/obj/usbcfg.o (symbol from plugin)
SPID1                                             build/obj/spi_lld.o (symbol from plugin)
SVC_Handler                                       /tmp/ccbnmd4Z.ltrans0.ltrans.o
                                                  build/obj/chcore_v7m.o (symbol from plugin)
                                                  build/obj/vectors.o (symbol from plugin)
                                                  /tmp/ccbnmd4Z.ltrans1.ltrans.o
SysTick_Handler                                   /tmp/ccbnmd4Z.ltrans0.ltrans.o
                                                  build/obj/vectors.o (symbol from plugin)
                                                  /tmp/ccbnmd4Z.ltrans1.ltrans.o
SystemCoreClock                                   build/obj/hal_lld.o (symbol from plugin)
TestThread                                        build/obj/test.o (symbol from plugin)
USBD1                                             /tmp/ccbnmd4Z.ltrans2.ltrans.o
                                                  build/obj/usb_lld.o (symbol from plugin)
                                                  /tmp/ccbnmd4Z.ltrans1.ltrans.o
                                                  build/obj/usbcfg.o (symbol from plugin)
UsageFault_Handler                                /tmp/ccbnmd4Z.ltrans0.ltrans.o
                                                  build/obj/vectors.o (symbol from plugin)
                                                  /tmp/ccbnmd4Z.ltrans1.ltrans.o
Vector100                                         /tmp/ccbnmd4Z.ltrans0.ltrans.o
                                                  build/obj/vectors.o (symbol from plugin)
                                                  /tmp/ccbnmd4Z.ltrans1.ltrans.o
Vector104                                         /tmp/ccbnmd4Z.ltrans0.ltrans.o
                                                  build/obj/vectors.o (symbol from plugin)
                                                  /tmp/ccbnmd4Z.ltrans1.ltrans.o
Vector108                                         /tmp/ccbnmd4Z.ltrans0.ltrans.o
                                                  build/obj/vectors.o (symbol from plugin)
                                                  /tmp/ccbnmd4Z.ltrans1.ltrans.o
Vector10C                                         /tmp/ccbnmd4Z.ltrans0.ltrans.o
                                                  build/obj/vectors.o (symbol from plugin)
                                                  /tmp/ccbnmd4Z.ltrans1.ltrans.o
Vector110                                         /tmp/ccbnmd4Z.ltrans0.ltrans.o
                                                  build/obj/vectors.o (symbol from plugin)
                                                  /tmp/ccbnmd4Z.ltrans1.ltrans.o
Vector114                                         /tmp/ccbnmd4Z.ltrans0.ltrans.o
                                                  build/obj/vectors.o (symbol from plugin)
                                                  /tmp/ccbnmd4Z.ltrans1.ltrans.o
Vector118                                         /tmp/ccbnmd4Z.ltrans0.ltrans.o
                                                  build/obj/vectors.o (symbol from plugin)
                                                  /tmp/ccbnmd4Z.ltrans1.ltrans.o
Vector11C                                         /tmp/ccbnmd4Z.ltrans0.ltrans.o
                                                  build/obj/vectors.o (symbol from plugin)
                                                  /tmp/ccbnmd4Z.ltrans1.ltrans.o
Vector120                                         build/obj/stm32_dma.o (symbol from plugin)
                                                  build/obj/vectors.o (symbol from plugin)
Vector124                                         build/obj/stm32_dma.o (symbol from plugin)
                                                  build/obj/vectors.o (symbol from plugin)
Vector128                                         build/obj/stm32_dma.o (symbol from plugin)
                                                  build/obj/vectors.o (symbol from plugin)
Vector12C                                         build/obj/stm32_dma.o (symbol from plugin)
                                                  build/obj/vectors.o (symbol from plugin)
Vector130                                         build/obj/stm32_dma.o (symbol from plugin)
                                                  build/obj/vectors.o (symbol from plugin)
Vector134                                         /tmp/ccbnmd4Z.ltrans0.ltrans.o
                                                  build/obj/vectors.o (symbol from plugin)
                                                  /tmp/ccbnmd4Z.ltrans1.ltrans.o
Vector138                                         /tmp/ccbnmd4Z.ltrans0.ltrans.o
                                                  build/obj/vectors.o (symbol from plugin)
                                                  /tmp/ccbnmd4Z.ltrans1.ltrans.o
Vector13C                                         /tmp/ccbnmd4Z.ltrans0.ltrans.o
                                                  build/obj/vectors.o (symbol from plugin)
                                                  /tmp/ccbnmd4Z.ltrans1.ltrans.o
Vector140                                         /tmp/ccbnmd4Z.ltrans0.ltrans.o
                                                  build/obj/vectors.o (symbol from plugin)
                                                  /tmp/ccbnmd4Z.ltrans1.ltrans.o
Vector144                                         /tmp/ccbnmd4Z.ltrans0.ltrans.o
                                                  build/obj/vectors.o (symbol from plugin)
                                                  /tmp/ccbnmd4Z.ltrans1.ltrans.o
Vector148                                         /tmp/ccbnmd4Z.ltrans0.ltrans.o
                                                  build/obj/vectors.o (symbol from plugin)
                                                  /tmp/ccbnmd4Z.ltrans1.ltrans.o
Vector14C                                         /tmp/ccbnmd4Z.ltrans0.ltrans.o
                                                  build/obj/vectors.o (symbol from plugin)
                                                  /tmp/ccbnmd4Z.ltrans1.ltrans.o
Vector150                                         /tmp/ccbnmd4Z.ltrans0.ltrans.o
                                                  build/obj/vectors.o (symbol from plugin)
                                                  /tmp/ccbnmd4Z.ltrans1.ltrans.o
Vector154                                         /tmp/ccbnmd4Z.ltrans0.ltrans.o
                                                  build/obj/vectors.o (symbol from plugin)
                                                  /tmp/ccbnmd4Z.ltrans1.ltrans.o
Vector158                                         /tmp/ccbnmd4Z.ltrans0.ltrans.o
                                                  build/obj/vectors.o (symbol from plugin)
                                                  /tmp/ccbnmd4Z.ltrans1.ltrans.o
Vector15C                                         /tmp/ccbnmd4Z.ltrans0.ltrans.o
                                                  build/obj/vectors.o (symbol from plugin)
                                                  /tmp/ccbnmd4Z.ltrans1.ltrans.o
Vector160                                         /tmp/ccbnmd4Z.ltrans0.ltrans.o
                                                  build/obj/vectors.o (symbol from plugin)
                                                  /tmp/ccbnmd4Z.ltrans1.ltrans.o
Vector164                                         /tmp/ccbnmd4Z.ltrans0.ltrans.o
                                                  build/obj/vectors.o (symbol from plugin)
                                                  /tmp/ccbnmd4Z.ltrans1.ltrans.o
Vector168                                         /tmp/ccbnmd4Z.ltrans0.ltrans.o
                                                  build/obj/vectors.o (symbol from plugin)
                                                  /tmp/ccbnmd4Z.ltrans1.ltrans.o
Vector16C                                         build/obj/usb_lld.o (symbol from plugin)
                                                  build/obj/vectors.o (symbol from plugin)
Vector170                                         /tmp/ccbnmd4Z.ltrans0.ltrans.o
                                                  build/obj/vectors.o (symbol from plugin)
                                                  /tmp/ccbnmd4Z.ltrans1.ltrans.o
Vector174                                         /tmp/ccbnmd4Z.ltrans0.ltrans.o
                                                  build/obj/vectors.o (symbol from plugin)
                                                  /tmp/ccbnmd4Z.ltrans1.ltrans.o
Vector178                                         /tmp/ccbnmd4Z.ltrans0.ltrans.o
                                                  build/obj/vectors.o (symbol from plugin)
                                                  /tmp/ccbnmd4Z.ltrans1.ltrans.o
Vector17C                                         /tmp/ccbnmd4Z.ltrans0.ltrans.o
                                                  build/obj/vectors.o (symbol from plugin)
                                                  /tmp/ccbnmd4Z.ltrans1.ltrans.o
Vector180                                         /tmp/ccbnmd4Z.ltrans0.ltrans.o
                                                  build/obj/vectors.o (symbol from plugin)
                                                  /tmp/ccbnmd4Z.ltrans1.ltrans.o
Vector184                                         /tmp/ccbnmd4Z.ltrans0.ltrans.o
                                                  build/obj/vectors.o (symbol from plugin)
                                                  /tmp/ccbnmd4Z.ltrans1.ltrans.o
Vector188                                         /tmp/ccbnmd4Z.ltrans0.ltrans.o
                                                  build/obj/vectors.o (symbol from plugin)
                                                  /tmp/ccbnmd4Z.ltrans1.ltrans.o
Vector18C                                         /tmp/ccbnmd4Z.ltrans0.ltrans.o
                                                  build/obj/vectors.o (symbol from plugin)
                                                  /tmp/ccbnmd4Z.ltrans1.ltrans.o
Vector190                                         /tmp/ccbnmd4Z.ltrans0.ltrans.o
                                                  build/obj/vectors.o (symbol from plugin)
                                                  /tmp/ccbnmd4Z.ltrans1.ltrans.o
Vector194                                         /tmp/ccbnmd4Z.ltrans0.ltrans.o
                                                  build/obj/vectors.o (symbol from plugin)
                                                  /tmp/ccbnmd4Z.ltrans1.ltrans.o
Vector198                                         /tmp/ccbnmd4Z.ltrans0.ltrans.o
                                                  build/obj/vectors.o (symbol from plugin)
                                                  /tmp/ccbnmd4Z.ltrans1.ltrans.o
Vector19C                                         /tmp/ccbnmd4Z.ltrans0.ltrans.o
                                                  build/obj/vectors.o (symbol from plugin)
                                                  /tmp/ccbnmd4Z.ltrans1.ltrans.o
Vector1C                                          /tmp/ccbnmd4Z.ltrans0.ltrans.o
                                                  build/obj/vectors.o (symbol from plugin)
                                                  /tmp/ccbnmd4Z.ltrans1.ltrans.o
Vector20                                          /tmp/ccbnmd4Z.ltrans0.ltrans.o
                                                  build/obj/vectors.o (symbol from plugin)
                                                  /tmp/ccbnmd4Z.ltrans1.ltrans.o
Vector24                                          /tmp/ccbnmd4Z.ltrans0.ltrans.o
                                                  build/obj/vectors.o (symbol from plugin)
                                                  /tmp/ccbnmd4Z.ltrans1.ltrans.o
Vector28                                          /tmp/ccbnmd4Z.ltrans0.ltrans.o
                                                  build/obj/vectors.o (symbol from plugin)
                                                  /tmp/ccbnmd4Z.ltrans1.ltrans.o
Vector34                                          /tmp/ccbnmd4Z.ltrans0.ltrans.o
                                                  build/obj/vectors.o (symbol from plugin)
                                                  /tmp/ccbnmd4Z.ltrans1.ltrans.o
Vector40                                          /tmp/ccbnmd4Z.ltrans0.ltrans.o
                                                  build/obj/vectors.o (symbol from plugin)
                                                  /tmp/ccbnmd4Z.ltrans1.ltrans.o
Vector44                                          /tmp/ccbnmd4Z.ltrans0.ltrans.o
                                                  build/obj/vectors.o (symbol from plugin)
                                                  /tmp/ccbnmd4Z.ltrans1.ltrans.o
Vector48                                          /tmp/ccbnmd4Z.ltrans0.ltrans.o
                                                  build/obj/vectors.o (symbol from plugin)
                                                  /tmp/ccbnmd4Z.ltrans1.ltrans.o
Vector4C                                          /tmp/ccbnmd4Z.ltrans0.ltrans.o
                                                  build/obj/vectors.o (symbol from plugin)
                                                  /tmp/ccbnmd4Z.ltrans1.ltrans.o
Vector50                                          /tmp/ccbnmd4Z.ltrans0.ltrans.o
                                                  build/obj/vectors.o (symbol from plugin)
                                                  /tmp/ccbnmd4Z.ltrans1.ltrans.o
Vector54                                          /tmp/ccbnmd4Z.ltrans0.ltrans.o
                                                  build/obj/vectors.o (symbol from plugin)
                                                  /tmp/ccbnmd4Z.ltrans1.ltrans.o
Vector58                                          /tmp/ccbnmd4Z.ltrans0.ltrans.o
                                                  build/obj/vectors.o (symbol from plugin)
                                                  /tmp/ccbnmd4Z.ltrans1.ltrans.o
Vector5C                                          /tmp/ccbnmd4Z.ltrans0.ltrans.o
                                                  build/obj/vectors.o (symbol from plugin)
                                                  /tmp/ccbnmd4Z.ltrans1.ltrans.o
Vector60                                          /tmp/ccbnmd4Z.ltrans0.ltrans.o
                                                  build/obj/vectors.o (symbol from plugin)
                                                  /tmp/ccbnmd4Z.ltrans1.ltrans.o
Vector64                                          /tmp/ccbnmd4Z.ltrans0.ltrans.o
                                                  build/obj/vectors.o (symbol from plugin)
                                                  /tmp/ccbnmd4Z.ltrans1.ltrans.o
Vector68                                          /tmp/ccbnmd4Z.ltrans0.ltrans.o
                                                  build/obj/vectors.o (symbol from plugin)
                                                  /tmp/ccbnmd4Z.ltrans1.ltrans.o
Vector6C                                          /tmp/ccbnmd4Z.ltrans0.ltrans.o
                                                  build/obj/stm32_dma.o (symbol from plugin)
                                                  build/obj/vectors.o (symbol from plugin)
                                                  /tmp/ccbnmd4Z.ltrans1.ltrans.o
Vector70                                          /tmp/ccbnmd4Z.ltrans0.ltrans.o
                                                  build/obj/stm32_dma.o (symbol from plugin)
                                                  build/obj/vectors.o (symbol from plugin)
                                                  /tmp/ccbnmd4Z.ltrans1.ltrans.o
Vector74                                          /tmp/ccbnmd4Z.ltrans0.ltrans.o
                                                  build/obj/stm32_dma.o (symbol from plugin)
                                                  build/obj/vectors.o (symbol from plugin)
                                                  /tmp/ccbnmd4Z.ltrans1.ltrans.o
Vector78                                          /tmp/ccbnmd4Z.ltrans0.ltrans.o
                                                  build/obj/stm32_dma.o (symbol from plugin)
                                                  build/obj/vectors.o (symbol from plugin)
                                                  /tmp/ccbnmd4Z.ltrans1.ltrans.o
Vector7C                                          /tmp/ccbnmd4Z.ltrans0.ltrans.o
                                                  build/obj/stm32_dma.o (symbol from plugin)
                                                  build/obj/vectors.o (symbol from plugin)
                                                  /tmp/ccbnmd4Z.ltrans1.ltrans.o
Vector80                                          build/obj/stm32_dma.o (symbol from plugin)
                                                  build/obj/vectors.o (symbol from plugin)
Vector84                                          build/obj/stm32_dma.o (symbol from plugin)
                                                  build/obj/vectors.o (symbol from plugin)
Vector88                                          /tmp/ccbnmd4Z.ltrans0.ltrans.o
                                                  build/obj/vectors.o (symbol from plugin)
                                                  /tmp/ccbnmd4Z.ltrans1.ltrans.o
Vector8C                                          /tmp/ccbnmd4Z.ltrans0.ltrans.o
                                                  build/obj/vectors.o (symbol from plugin)
                                                  /tmp/ccbnmd4Z.ltrans1.ltrans.o
Vector90                                          /tmp/ccbnmd4Z.ltrans0.ltrans.o
                                                  build/obj/vectors.o (symbol from plugin)
                                                  /tmp/ccbnmd4Z.ltrans1.ltrans.o
Vector94                                          /tmp/ccbnmd4Z.ltrans0.ltrans.o
                                                  build/obj/vectors.o (symbol from plugin)
                                                  /tmp/ccbnmd4Z.ltrans1.ltrans.o
Vector98                                          /tmp/ccbnmd4Z.ltrans0.ltrans.o
                                                  build/obj/vectors.o (symbol from plugin)
                                                  /tmp/ccbnmd4Z.ltrans1.ltrans.o
Vector9C                                          /tmp/ccbnmd4Z.ltrans0.ltrans.o
                                                  build/obj/vectors.o (symbol from plugin)
                                                  /tmp/ccbnmd4Z.ltrans1.ltrans.o
VectorA0                                          /tmp/ccbnmd4Z.ltrans0.ltrans.o
                                                  build/obj/vectors.o (symbol from plugin)
                                                  /tmp/ccbnmd4Z.ltrans1.ltrans.o
VectorA4                                          build/obj/icu_lld.o (symbol from plugin)
                                                  build/obj/vectors.o (symbol from plugin)
VectorA8                                          /tmp/ccbnmd4Z.ltrans0.ltrans.o
                                                  build/obj/vectors.o (symbol from plugin)
                                                  /tmp/ccbnmd4Z.ltrans1.ltrans.o
VectorAC                                          build/obj/icu_lld.o (symbol from plugin)
                                                  build/obj/vectors.o (symbol from plugin)
VectorB0                                          build/obj/st_lld.o (symbol from plugin)
                                                  build/obj/vectors.o (symbol from plugin)
VectorB4                                          /tmp/ccbnmd4Z.ltrans0.ltrans.o
                                                  build/obj/vectors.o (symbol from plugin)
                                                  /tmp/ccbnmd4Z.ltrans1.ltrans.o
VectorB8                                          build/obj/pwm_lld.o (symbol from plugin)
                                                  build/obj/vectors.o (symbol from plugin)
VectorBC                                          build/obj/i2c_lld.o (symbol from plugin)
                                                  build/obj/vectors.o (symbol from plugin)
VectorC0                                          build/obj/i2c_lld.o (symbol from plugin)
                                                  build/obj/vectors.o (symbol from plugin)
VectorC4                                          /tmp/ccbnmd4Z.ltrans0.ltrans.o
                                                  build/obj/vectors.o (symbol from plugin)
                                                  /tmp/ccbnmd4Z.ltrans1.ltrans.o
VectorC8                                          /tmp/ccbnmd4Z.ltrans0.ltrans.o
                                                  build/obj/vectors.o (symbol from plugin)
                                                  /tmp/ccbnmd4Z.ltrans1.ltrans.o
VectorCC                                          /tmp/ccbnmd4Z.ltrans0.ltrans.o
                                                  build/obj/vectors.o (symbol from plugin)
                                                  /tmp/ccbnmd4Z.ltrans1.ltrans.o
VectorD0                                          /tmp/ccbnmd4Z.ltrans0.ltrans.o
                                                  build/obj/vectors.o (symbol from plugin)
                                                  /tmp/ccbnmd4Z.ltrans1.ltrans.o
VectorD4                                          build/obj/serial_lld.o (symbol from plugin)
                                                  build/obj/vectors.o (symbol from plugin)
VectorD8                                          /tmp/ccbnmd4Z.ltrans0.ltrans.o
                                                  build/obj/vectors.o (symbol from plugin)
                                                  /tmp/ccbnmd4Z.ltrans1.ltrans.o
VectorDC                                          /tmp/ccbnmd4Z.ltrans0.ltrans.o
                                                  build/obj/vectors.o (symbol from plugin)
                                                  /tmp/ccbnmd4Z.ltrans1.ltrans.o
VectorE0                                          /tmp/ccbnmd4Z.ltrans0.ltrans.o
                                                  build/obj/vectors.o (symbol from plugin)
                                                  /tmp/ccbnmd4Z.ltrans1.ltrans.o
VectorE4                                          /tmp/ccbnmd4Z.ltrans0.ltrans.o
                                                  build/obj/vectors.o (symbol from plugin)
                                                  /tmp/ccbnmd4Z.ltrans1.ltrans.o
VectorE8                                          /tmp/ccbnmd4Z.ltrans0.ltrans.o
                                                  build/obj/vectors.o (symbol from plugin)
                                                  /tmp/ccbnmd4Z.ltrans1.ltrans.o
VectorEC                                          /tmp/ccbnmd4Z.ltrans0.ltrans.o
                                                  build/obj/vectors.o (symbol from plugin)
                                                  /tmp/ccbnmd4Z.ltrans1.ltrans.o
VectorF0                                          /tmp/ccbnmd4Z.ltrans0.ltrans.o
                                                  build/obj/vectors.o (symbol from plugin)
                                                  /tmp/ccbnmd4Z.ltrans1.ltrans.o
VectorF4                                          /tmp/ccbnmd4Z.ltrans0.ltrans.o
                                                  build/obj/vectors.o (symbol from plugin)
                                                  /tmp/ccbnmd4Z.ltrans1.ltrans.o
VectorF8                                          /tmp/ccbnmd4Z.ltrans0.ltrans.o
                                                  build/obj/vectors.o (symbol from plugin)
                                                  /tmp/ccbnmd4Z.ltrans1.ltrans.o
VectorFC                                          /tmp/ccbnmd4Z.ltrans0.ltrans.o
                                                  build/obj/vectors.o (symbol from plugin)
                                                  /tmp/ccbnmd4Z.ltrans1.ltrans.o
Xval                                              build/obj/main.o (symbol from plugin)
Yval                                              build/obj/main.o (symbol from plugin)
__core_init                                       /tmp/ccbnmd4Z.ltrans0.ltrans.o
                                                  build/obj/crt1.o (symbol from plugin)
                                                  build/obj/crt0_v7m.o
__default_exit                                    /tmp/ccbnmd4Z.ltrans0.ltrans.o
                                                  build/obj/crt1.o (symbol from plugin)
                                                  build/obj/crt0_v7m.o
__early_init                                      /tmp/ccbnmd4Z.ltrans1.ltrans.o
                                                  build/obj/board.o (symbol from plugin)
                                                  build/obj/crt1.o (symbol from plugin)
                                                  build/obj/crt0_v7m.o
__fini_array_end                                  build/obj/crt0_v7m.o
__fini_array_start                                build/obj/crt0_v7m.o
__heap_base__                                     /tmp/ccbnmd4Z.ltrans2.ltrans.o
                                                  build/obj/chmemcore.o (symbol from plugin)
__heap_end__                                      /tmp/ccbnmd4Z.ltrans2.ltrans.o
                                                  build/obj/chmemcore.o (symbol from plugin)
__init_array_end                                  build/obj/crt0_v7m.o
__init_array_start                                build/obj/crt0_v7m.o
__init_ram_areas                                  /tmp/ccbnmd4Z.ltrans0.ltrans.o
                                                  build/obj/crt1.o (symbol from plugin)
                                                  build/obj/crt0_v7m.o
__late_init                                       /tmp/ccbnmd4Z.ltrans0.ltrans.o
                                                  build/obj/crt1.o (symbol from plugin)
                                                  build/obj/crt0_v7m.o
__main_stack_base__                               build/obj/crt0_v7m.o
__main_stack_end__                                /tmp/ccbnmd4Z.ltrans1.ltrans.o
                                                  build/obj/vectors.o (symbol from plugin)
                                                  build/obj/crt0_v7m.o
__process_stack_base__                            build/obj/crt0_v7m.o
__process_stack_end__                             build/obj/crt0_v7m.o
__ram0_clear__                                    /tmp/ccbnmd4Z.ltrans0.ltrans.o
                                                  build/obj/crt1.o (symbol from plugin)
__ram0_init__                                     /tmp/ccbnmd4Z.ltrans0.ltrans.o
                                                  build/obj/crt1.o (symbol from plugin)
__ram0_init_text__                                /tmp/ccbnmd4Z.ltrans0.ltrans.o
                                                  build/obj/crt1.o (symbol from plugin)
__ram0_noinit__                                   /tmp/ccbnmd4Z.ltrans0.ltrans.o
                                                  build/obj/crt1.o (symbol from plugin)
__ram1_clear__                                    /tmp/ccbnmd4Z.ltrans0.ltrans.o
                                                  build/obj/crt1.o (symbol from plugin)
__ram1_init__                                     /tmp/ccbnmd4Z.ltrans0.ltrans.o
                                                  build/obj/crt1.o (symbol from plugin)
__ram1_init_text__                                /tmp/ccbnmd4Z.ltrans0.ltrans.o
                                                  build/obj/crt1.o (symbol from plugin)
__ram1_noinit__                                   /tmp/ccbnmd4Z.ltrans0.ltrans.o
                                                  build/obj/crt1.o (symbol from plugin)
__ram2_clear__                                    /tmp/ccbnmd4Z.ltrans0.ltrans.o
                                                  build/obj/crt1.o (symbol from plugin)
__ram2_init__                                     /tmp/ccbnmd4Z.ltrans0.ltrans.o
                                                  build/obj/crt1.o (symbol from plugin)
__ram2_init_text__                                /tmp/ccbnmd4Z.ltrans0.ltrans.o
                                                  build/obj/crt1.o (symbol from plugin)
__ram2_noinit__                                   /tmp/ccbnmd4Z.ltrans0.ltrans.o
                                                  build/obj/crt1.o (symbol from plugin)
__ram3_clear__                                    /tmp/ccbnmd4Z.ltrans0.ltrans.o
                                                  build/obj/crt1.o (symbol from plugin)
__ram3_init__                                     /tmp/ccbnmd4Z.ltrans0.ltrans.o
                                                  build/obj/crt1.o (symbol from plugin)
__ram3_init_text__                                /tmp/ccbnmd4Z.ltrans0.ltrans.o
                                                  build/obj/crt1.o (symbol from plugin)
__ram3_noinit__                                   /tmp/ccbnmd4Z.ltrans0.ltrans.o
                                                  build/obj/crt1.o (symbol from plugin)
__ram4_clear__                                    /tmp/ccbnmd4Z.ltrans0.ltrans.o
                                                  build/obj/crt1.o (symbol from plugin)
__ram4_init__                                     /tmp/ccbnmd4Z.ltrans0.ltrans.o
                                                  build/obj/crt1.o (symbol from plugin)
__ram4_init_text__                                /tmp/ccbnmd4Z.ltrans0.ltrans.o
                                                  build/obj/crt1.o (symbol from plugin)
__ram4_noinit__                                   /tmp/ccbnmd4Z.ltrans0.ltrans.o
                                                  build/obj/crt1.o (symbol from plugin)
__ram5_clear__                                    /tmp/ccbnmd4Z.ltrans0.ltrans.o
                                                  build/obj/crt1.o (symbol from plugin)
__ram5_init__                                     /tmp/ccbnmd4Z.ltrans0.ltrans.o
                                                  build/obj/crt1.o (symbol from plugin)
__ram5_init_text__                                /tmp/ccbnmd4Z.ltrans0.ltrans.o
                                                  build/obj/crt1.o (symbol from plugin)
__ram5_noinit__                                   /tmp/ccbnmd4Z.ltrans0.ltrans.o
                                                  build/obj/crt1.o (symbol from plugin)
__ram6_clear__                                    /tmp/ccbnmd4Z.ltrans0.ltrans.o
                                                  build/obj/crt1.o (symbol from plugin)
__ram6_init__                                     /tmp/ccbnmd4Z.ltrans0.ltrans.o
                                                  build/obj/crt1.o (symbol from plugin)
__ram6_init_text__                                /tmp/ccbnmd4Z.ltrans0.ltrans.o
                                                  build/obj/crt1.o (symbol from plugin)
__ram6_noinit__                                   /tmp/ccbnmd4Z.ltrans0.ltrans.o
                                                  build/obj/crt1.o (symbol from plugin)
__ram7_clear__                                    /tmp/ccbnmd4Z.ltrans0.ltrans.o
                                                  build/obj/crt1.o (symbol from plugin)
__ram7_init__                                     /tmp/ccbnmd4Z.ltrans0.ltrans.o
                                                  build/obj/crt1.o (symbol from plugin)
__ram7_init_text__                                /tmp/ccbnmd4Z.ltrans0.ltrans.o
                                                  build/obj/crt1.o (symbol from plugin)
__ram7_noinit__                                   /tmp/ccbnmd4Z.ltrans0.ltrans.o
                                                  build/obj/crt1.o (symbol from plugin)
_bss_end                                          build/obj/crt0_v7m.o
_bss_start                                        build/obj/crt0_v7m.o
_core_init                                        build/obj/chmemcore.o (symbol from plugin)
                                                  build/obj/chsys.o (symbol from plugin)
_data_end                                         build/obj/crt0_v7m.o
_data_start                                       build/obj/crt0_v7m.o
_heap_init                                        build/obj/chheap.o (symbol from plugin)
                                                  build/obj/chsys.o (symbol from plugin)
_idle_thread.lto_priv.47                          /tmp/ccbnmd4Z.ltrans0.ltrans.o
                                                  /tmp/ccbnmd4Z.ltrans2.ltrans.o
_pal_lld_init                                     build/obj/pal_lld.o (symbol from plugin)
                                                  build/obj/hal.o (symbol from plugin)
_pal_lld_setgroupmode                             build/obj/pal_lld.o (symbol from plugin)
                                                  build/obj/pal.o (symbol from plugin)
_port_exit_from_isr                               build/obj/chcoreasm_v7m.o
                                                  /tmp/ccbnmd4Z.ltrans0.ltrans.o
                                                  build/obj/chcore_v7m.o (symbol from plugin)
_port_irq_epilogue                                /tmp/ccbnmd4Z.ltrans0.ltrans.o
                                                  build/obj/chcore_v7m.o (symbol from plugin)
                                                  /tmp/ccbnmd4Z.ltrans1.ltrans.o
                                                  build/obj/usb_lld.o (symbol from plugin)
                                                  build/obj/serial_lld.o (symbol from plugin)
                                                  build/obj/pwm_lld.o (symbol from plugin)
                                                  build/obj/icu_lld.o (symbol from plugin)
                                                  build/obj/i2c_lld.o (symbol from plugin)
                                                  build/obj/st_lld.o (symbol from plugin)
                                                  build/obj/stm32_dma.o (symbol from plugin)
_port_switch                                      build/obj/chcoreasm_v7m.o
                                                  /tmp/ccbnmd4Z.ltrans3.ltrans.o
                                                  /tmp/ccbnmd4Z.ltrans0.ltrans.o
                                                  build/obj/chschd.o (symbol from plugin)
_port_switch_from_isr                             build/obj/chcoreasm_v7m.o
                                                  /tmp/ccbnmd4Z.ltrans0.ltrans.o
                                                  build/obj/chcore_v7m.o (symbol from plugin)
_port_thread_start                                build/obj/chcoreasm_v7m.o
                                                  /tmp/ccbnmd4Z.ltrans3.ltrans.o
                                                  build/obj/chthreads.o (symbol from plugin)
_scheduler_init                                   build/obj/chschd.o (symbol from plugin)
                                                  build/obj/chsys.o (symbol from plugin)
_stm32_dma_isr_redir                              /tmp/ccbnmd4Z.ltrans3.ltrans.o
                                                  build/obj/stm32_dma.o (symbol from plugin)
                                                  /tmp/ccbnmd4Z.ltrans2.ltrans.o
                                                  /tmp/ccbnmd4Z.ltrans1.ltrans.o
                                                  /tmp/ccbnmd4Z.ltrans0.ltrans.o
_stm32_dma_streams                                build/obj/stm32_dma.o (symbol from plugin)
                                                  build/obj/spi_lld.o (symbol from plugin)
                                                  build/obj/i2c_lld.o (symbol from plugin)
_test_assert                                      build/obj/test.o (symbol from plugin)
                                                  build/obj/testsys.o (symbol from plugin)
                                                  build/obj/testqueues.o (symbol from plugin)
                                                  build/obj/testdyn.o (symbol from plugin)
                                                  build/obj/testpools.o (symbol from plugin)
                                                  build/obj/testheap.o (symbol from plugin)
                                                  build/obj/testevt.o (symbol from plugin)
                                                  build/obj/testmbox.o (symbol from plugin)
                                                  build/obj/testmtx.o (symbol from plugin)
                                                  build/obj/testsem.o (symbol from plugin)
                                                  build/obj/testthd.o (symbol from plugin)
_test_assert_sequence                             build/obj/test.o (symbol from plugin)
                                                  build/obj/testqueues.o (symbol from plugin)
                                                  build/obj/testdyn.o (symbol from plugin)
                                                  build/obj/testevt.o (symbol from plugin)
                                                  build/obj/testmbox.o (symbol from plugin)
                                                  build/obj/testmsg.o (symbol from plugin)
                                                  build/obj/testmtx.o (symbol from plugin)
                                                  build/obj/testsem.o (symbol from plugin)
                                                  build/obj/testthd.o (symbol from plugin)
_test_assert_time_window                          build/obj/test.o (symbol from plugin)
                                                  build/obj/testevt.o (symbol from plugin)
                                                  build/obj/testsem.o (symbol from plugin)
                                                  build/obj/testthd.o (symbol from plugin)
_test_fail                                        build/obj/test.o (symbol from plugin)
_textdata_start                                   build/obj/crt0_v7m.o
_thread_init                                      build/obj/chthreads.o (symbol from plugin)
                                                  build/obj/chsys.o (symbol from plugin)
_tm_init                                          build/obj/chtm.o (symbol from plugin)
                                                  build/obj/chsys.o (symbol from plugin)
_unhandled_exception                              /tmp/ccbnmd4Z.ltrans0.ltrans.o
                                                  build/obj/vectors.o (symbol from plugin)
_usb_ep0in                                        /tmp/ccbnmd4Z.ltrans0.ltrans.o
                                                  build/obj/usb.o (symbol from plugin)
                                                  /tmp/ccbnmd4Z.ltrans1.ltrans.o
                                                  build/obj/usb_lld.o (symbol from plugin)
_usb_ep0out                                       /tmp/ccbnmd4Z.ltrans0.ltrans.o
                                                  build/obj/usb.o (symbol from plugin)
                                                  /tmp/ccbnmd4Z.ltrans1.ltrans.o
                                                  build/obj/usb_lld.o (symbol from plugin)
_usb_ep0setup                                     /tmp/ccbnmd4Z.ltrans0.ltrans.o
                                                  build/obj/usb.o (symbol from plugin)
                                                  /tmp/ccbnmd4Z.ltrans1.ltrans.o
                                                  build/obj/usb_lld.o (symbol from plugin)
_usb_reset                                        build/obj/usb.o (symbol from plugin)
                                                  build/obj/usb_lld.o (symbol from plugin)
_usb_suspend                                      build/obj/usb.o (symbol from plugin)
                                                  build/obj/usb_lld.o (symbol from plugin)
_usb_wakeup                                       build/obj/usb.o (symbol from plugin)
                                                  build/obj/usb_lld.o (symbol from plugin)
_vectors                                          /tmp/ccbnmd4Z.ltrans1.ltrans.o
                                                  build/obj/vectors.o (symbol from plugin)
_vt_init                                          build/obj/chvt.o (symbol from plugin)
                                                  build/obj/chsys.o (symbol from plugin)
boardInit                                         build/obj/board.o (symbol from plugin)
                                                  build/obj/hal.o (symbol from plugin)
ch                                                /tmp/ccbnmd4Z.ltrans3.ltrans.o
                                                  build/obj/chschd.o (symbol from plugin)
                                                  /tmp/ccbnmd4Z.ltrans2.ltrans.o
                                                  /tmp/ccbnmd4Z.ltrans1.ltrans.o
                                                  /tmp/ccbnmd4Z.ltrans0.ltrans.o
                                                  build/obj/testbmk.o (symbol from plugin)
                                                  build/obj/testqueues.o (symbol from plugin)
                                                  build/obj/testdyn.o (symbol from plugin)
                                                  build/obj/testevt.o (symbol from plugin)
                                                  build/obj/testmsg.o (symbol from plugin)
                                                  build/obj/testmtx.o (symbol from plugin)
                                                  build/obj/testsem.o (symbol from plugin)
                                                  build/obj/testthd.o (symbol from plugin)
                                                  build/obj/chmsg.o (symbol from plugin)
                                                  build/obj/chevents.o (symbol from plugin)
                                                  build/obj/chcond.o (symbol from plugin)
                                                  build/obj/chmtx.o (symbol from plugin)
                                                  build/obj/chsem.o (symbol from plugin)
                                                  build/obj/chregistry.o (symbol from plugin)
                                                  build/obj/chtm.o (symbol from plugin)
                                                  build/obj/chthreads.o (symbol from plugin)
                                                  build/obj/chvt.o (symbol from plugin)
                                                  build/obj/chsys.o (symbol from plugin)
chCondBroadcast                                   build/obj/chcond.o (symbol from plugin)
                                                  build/obj/testmtx.o (symbol from plugin)
chCondBroadcastI                                  build/obj/chcond.o (symbol from plugin)
chCondObjectInit                                  build/obj/chcond.o (symbol from plugin)
                                                  build/obj/testmtx.o (symbol from plugin)
chCondSignal                                      build/obj/chcond.o (symbol from plugin)
                                                  build/obj/testmtx.o (symbol from plugin)
chCondSignalI                                     build/obj/chcond.o (symbol from plugin)
                                                  build/obj/testmtx.o (symbol from plugin)
chCondWait                                        build/obj/chcond.o (symbol from plugin)
                                                  build/obj/testmtx.o (symbol from plugin)
chCondWaitS                                       build/obj/chcond.o (symbol from plugin)
chCondWaitTimeout                                 build/obj/chcond.o (symbol from plugin)
                                                  build/obj/testmtx.o (symbol from plugin)
chCondWaitTimeoutS                                build/obj/chcond.o (symbol from plugin)
chCoreAlloc                                       /tmp/ccbnmd4Z.ltrans0.ltrans.o
                                                  build/obj/chmemcore.o (symbol from plugin)
                                                  /tmp/ccbnmd4Z.ltrans2.ltrans.o
                                                  build/obj/chheap.o (symbol from plugin)
chCoreAllocI                                      build/obj/chmemcore.o (symbol from plugin)
chCoreGetStatusX                                  build/obj/chmemcore.o (symbol from plugin)
                                                  build/obj/testheap.o (symbol from plugin)
chEvtAddEvents                                    build/obj/chevents.o (symbol from plugin)
                                                  build/obj/testevt.o (symbol from plugin)
chEvtBroadcastFlags                               build/obj/chevents.o (symbol from plugin)
                                                  build/obj/testevt.o (symbol from plugin)
chEvtBroadcastFlagsI                              build/obj/chevents.o (symbol from plugin)
                                                  build/obj/serial_lld.o (symbol from plugin)
                                                  build/obj/serial_usb.o (symbol from plugin)
                                                  build/obj/serial.o (symbol from plugin)
chEvtBroadcastFlagsI.constprop.35                 /tmp/ccbnmd4Z.ltrans3.ltrans.o
                                                  /tmp/ccbnmd4Z.ltrans1.ltrans.o
chEvtDispatch                                     build/obj/chevents.o (symbol from plugin)
                                                  build/obj/testevt.o (symbol from plugin)
chEvtGetAndClearEvents                            build/obj/chevents.o (symbol from plugin)
                                                  build/obj/testevt.o (symbol from plugin)
chEvtGetAndClearFlags                             build/obj/chevents.o (symbol from plugin)
chEvtGetAndClearFlagsI                            build/obj/chevents.o (symbol from plugin)
chEvtRegisterMaskWithFlags                        build/obj/chevents.o (symbol from plugin)
                                                  build/obj/testevt.o (symbol from plugin)
chEvtSignal                                       build/obj/chevents.o (symbol from plugin)
                                                  build/obj/testevt.o (symbol from plugin)
chEvtSignalI                                      build/obj/chevents.o (symbol from plugin)
chEvtUnregister                                   build/obj/chevents.o (symbol from plugin)
                                                  build/obj/testevt.o (symbol from plugin)
chEvtWaitAll                                      build/obj/chevents.o (symbol from plugin)
                                                  build/obj/testevt.o (symbol from plugin)
chEvtWaitAllTimeout                               build/obj/chevents.o (symbol from plugin)
                                                  build/obj/testevt.o (symbol from plugin)
chEvtWaitAny                                      build/obj/chevents.o (symbol from plugin)
                                                  build/obj/testevt.o (symbol from plugin)
chEvtWaitAnyTimeout                               build/obj/chevents.o (symbol from plugin)
                                                  build/obj/testevt.o (symbol from plugin)
chEvtWaitOne                                      build/obj/chevents.o (symbol from plugin)
                                                  build/obj/testevt.o (symbol from plugin)
chEvtWaitOneTimeout                               build/obj/chevents.o (symbol from plugin)
                                                  build/obj/testevt.o (symbol from plugin)
chHeapAlloc                                       build/obj/chheap.o (symbol from plugin)
                                                  build/obj/testdyn.o (symbol from plugin)
                                                  build/obj/testheap.o (symbol from plugin)
                                                  build/obj/chdynamic.o (symbol from plugin)
chHeapFree                                        build/obj/chheap.o (symbol from plugin)
                                                  build/obj/testdyn.o (symbol from plugin)
                                                  build/obj/testheap.o (symbol from plugin)
                                                  build/obj/chdynamic.o (symbol from plugin)
chHeapObjectInit                                  build/obj/chheap.o (symbol from plugin)
                                                  build/obj/testdyn.o (symbol from plugin)
                                                  build/obj/testheap.o (symbol from plugin)
chHeapStatus                                      build/obj/chheap.o (symbol from plugin)
                                                  build/obj/testdyn.o (symbol from plugin)
                                                  build/obj/testheap.o (symbol from plugin)
chIQGetTimeout                                    build/obj/chqueues.o (symbol from plugin)
                                                  build/obj/testbmk.o (symbol from plugin)
                                                  build/obj/testqueues.o (symbol from plugin)
                                                  build/obj/serial.o (symbol from plugin)
chIQObjectInit                                    build/obj/chqueues.o (symbol from plugin)
                                                  build/obj/testbmk.o (symbol from plugin)
                                                  build/obj/testqueues.o (symbol from plugin)
                                                  build/obj/serial.o (symbol from plugin)
chIQPutI                                          build/obj/chqueues.o (symbol from plugin)
                                                  build/obj/testbmk.o (symbol from plugin)
                                                  build/obj/testqueues.o (symbol from plugin)
                                                  build/obj/serial.o (symbol from plugin)
chIQReadTimeout                                   build/obj/chqueues.o (symbol from plugin)
                                                  build/obj/testqueues.o (symbol from plugin)
                                                  build/obj/serial.o (symbol from plugin)
chIQResetI                                        build/obj/chqueues.o (symbol from plugin)
                                                  build/obj/testqueues.o (symbol from plugin)
                                                  build/obj/serial.o (symbol from plugin)
chMBFetch                                         build/obj/chmboxes.o (symbol from plugin)
                                                  build/obj/testmbox.o (symbol from plugin)
chMBFetchI                                        build/obj/chmboxes.o (symbol from plugin)
                                                  build/obj/testmbox.o (symbol from plugin)
chMBFetchS                                        build/obj/chmboxes.o (symbol from plugin)
chMBObjectInit                                    build/obj/chmboxes.o (symbol from plugin)
                                                  build/obj/testmbox.o (symbol from plugin)
chMBPost                                          build/obj/chmboxes.o (symbol from plugin)
                                                  build/obj/testmbox.o (symbol from plugin)