
Discarded input sections

 .data          0x00000000        0x0 build/obj/crt0_v7m.o
 .bss           0x00000000        0x0 build/obj/crt0_v7m.o
 .data          0x00000000        0x0 build/obj/chcoreasm_v7m.o
 .bss           0x00000000        0x0 build/obj/chcoreasm_v7m.o
 .text          0x00000000        0x0 build/obj/crt1.o (symbol from plugin)
 .text          0x00000000        0x0 /tmp/cc0TUbKj.ltrans0.ltrans.o
 .data          0x00000000        0x0 /tmp/cc0TUbKj.ltrans0.ltrans.o
 .bss           0x00000000        0x0 /tmp/cc0TUbKj.ltrans0.ltrans.o
 .text          0x00000000        0x0 /tmp/cc0TUbKj.ltrans1.ltrans.o
 .data          0x00000000        0x0 /tmp/cc0TUbKj.ltrans1.ltrans.o
 .bss           0x00000000        0x0 /tmp/cc0TUbKj.ltrans1.ltrans.o
 .text          0x00000000        0x0 /tmp/cc0TUbKj.ltrans2.ltrans.o
 .data          0x00000000        0x0 /tmp/cc0TUbKj.ltrans2.ltrans.o
 .bss           0x00000000        0x0 /tmp/cc0TUbKj.ltrans2.ltrans.o
 .text          0x00000000        0x0 /tmp/cc0TUbKj.ltrans3.ltrans.o
 .data          0x00000000        0x0 /tmp/cc0TUbKj.ltrans3.ltrans.o
 .bss           0x00000000        0x0 /tmp/cc0TUbKj.ltrans3.ltrans.o
 .text          0x00000000        0x0 build/obj/vectors.o (symbol from plugin)
 .text          0x00000000        0x0 build/obj/chsys.o (symbol from plugin)
 .text          0x00000000        0x0 build/obj/chdebug.o (symbol from plugin)
 .text          0x00000000        0x0 build/obj/chvt.o (symbol from plugin)
 .text          0x00000000        0x0 build/obj/chschd.o (symbol from plugin)
 .text          0x00000000        0x0 build/obj/chthreads.o (symbol from plugin)
 .text          0x00000000        0x0 build/obj/chtm.o (symbol from plugin)
 .text          0x00000000        0x0 build/obj/chdynamic.o (symbol from plugin)
 .text          0x00000000        0x0 build/obj/chregistry.o (symbol from plugin)
 .text          0x00000000        0x0 build/obj/chsem.o (symbol from plugin)
 .text          0x00000000        0x0 build/obj/chmtx.o (symbol from plugin)
 .text          0x00000000        0x0 build/obj/chcond.o (symbol from plugin)
 .text          0x00000000        0x0 build/obj/chevents.o (symbol from plugin)
 .text          0x00000000        0x0 build/obj/chmsg.o (symbol from plugin)
 .text          0x00000000        0x0 build/obj/chmboxes.o (symbol from plugin)
 .text          0x00000000        0x0 build/obj/chqueues.o (symbol from plugin)
 .text          0x00000000        0x0 build/obj/chmemcore.o (symbol from plugin)
 .text          0x00000000        0x0 build/obj/chheap.o (symbol from plugin)
 .text          0x00000000        0x0 build/obj/chmempools.o (symbol from plugin)
 .text          0x00000000        0x0 build/obj/chcore.o (symbol from plugin)
 .text          0x00000000        0x0 build/obj/chcore_v7m.o (symbol from plugin)
 .text          0x00000000        0x0 build/obj/osal.o (symbol from plugin)
 .text          0x00000000        0x0 build/obj/hal.o (symbol from plugin)
 .text          0x00000000        0x0 build/obj/st.o (symbol from plugin)
 .text          0x00000000        0x0 build/obj/hal_buffers.o (symbol from plugin)
 .text          0x00000000        0x0 build/obj/hal_queues.o (symbol from plugin)
 .text          0x00000000        0x0 build/obj/hal_mmcsd.o (symbol from plugin)
 .text          0x00000000        0x0 build/obj/i2c.o (symbol from plugin)
 .text          0x00000000        0x0 build/obj/icu.o (symbol from plugin)
 .text          0x00000000        0x0 build/obj/pal.o (symbol from plugin)
 .text          0x00000000        0x0 build/obj/pwm.o (symbol from plugin)
 .text          0x00000000        0x0 build/obj/serial.o (symbol from plugin)
 .text          0x00000000        0x0 build/obj/serial_usb.o (symbol from plugin)
 .text          0x00000000        0x0 build/obj/spi.o (symbol from plugin)
 .text          0x00000000        0x0 build/obj/usb.o (symbol from plugin)
 .text          0x00000000        0x0 build/obj/nvic.o (symbol from plugin)
 .text          0x00000000        0x0 build/obj/hal_lld.o (symbol from plugin)
 .text          0x00000000        0x0 build/obj/stm32_dma.o (symbol from plugin)
 .text          0x00000000        0x0 build/obj/st_lld.o (symbol from plugin)
 .text          0x00000000        0x0 build/obj/pal_lld.o (symbol from plugin)
 .text          0x00000000        0x0 build/obj/i2c_lld.o (symbol from plugin)
 .text          0x00000000        0x0 build/obj/spi_lld.o (symbol from plugin)
 .text          0x00000000        0x0 build/obj/icu_lld.o (symbol from plugin)
 .text          0x00000000        0x0 build/obj/pwm_lld.o (symbol from plugin)
 .text          0x00000000        0x0 build/obj/serial_lld.o (symbol from plugin)
 .text          0x00000000        0x0 build/obj/usb_lld.o (symbol from plugin)
 .text          0x00000000        0x0 build/obj/board.o (symbol from plugin)
 .text          0x00000000        0x0 build/obj/test.o (symbol from plugin)
[...]
Memory Configuration

Name             Origin             Length             Attributes
flash            0x08000000         0x00040000
ram0             0x20000000         0x0000a000
ram1             0x00000000         0x00000000
ram2             0x00000000         0x00000000
ram3             0x00000000         0x00000000
ram4             0x10000000         0x00002000
ram5             0x00000000         0x00000000
ram6             0x00000000         0x00000000
ram7             0x00000000         0x00000000
*default*        0x00000000         0xffffffff

Linker script and memory map

LOAD build/obj/crt0_v7m.o
LOAD build/obj/chcoreasm_v7m.o
LOAD build/obj/crt1.o
LOAD /tmp/cc0TUbKj.ltrans0.ltrans.o
LOAD /tmp/cc0TUbKj.ltrans1.ltrans.o
LOAD /tmp/cc0TUbKj.ltrans2.ltrans.o
LOAD /tmp/cc0TUbKj.ltrans3.ltrans.o
LOAD build/obj/vectors.o
LOAD build/obj/chsys.o
LOAD build/obj/chdebug.o
LOAD build/obj/chvt.o
LOAD build/obj/chschd.o
LOAD build/obj/chthreads.o
LOAD build/obj/chtm.o
LOAD build/obj/chdynamic.o
LOAD build/obj/chregistry.o
LOAD build/obj/chsem.o
LOAD build/obj/chmtx.o
LOAD build/obj/chcond.o
LOAD build/obj/chevents.o
LOAD build/obj/chmsg.o
LOAD build/obj/chmboxes.o
LOAD build/obj/chqueues.o
LOAD build/obj/chmemcore.o
LOAD build/obj/chheap.o
LOAD build/obj/chmempools.o
LOAD build/obj/chcore.o
LOAD build/obj/chcore_v7m.o
LOAD build/obj/osal.o
LOAD build/obj/hal.o
LOAD build/obj/st.o
LOAD build/obj/hal_buffers.o
LOAD build/obj/hal_queues.o
LOAD build/obj/hal_mmcsd.o
LOAD build/obj/i2c.o
LOAD build/obj/icu.o
LOAD build/obj/pal.o
LOAD build/obj/pwm.o
LOAD build/obj/serial.o
LOAD build/obj/serial_usb.o
LOAD build/obj/spi.o
LOAD build/obj/usb.o
LOAD build/obj/nvic.o
LOAD build/obj/hal_lld.o
LOAD build/obj/stm32_dma.o
LOAD build/obj/st_lld.o
LOAD build/obj/pal_lld.o
LOAD build/obj/i2c_lld.o
LOAD build/obj/spi_lld.o
LOAD build/obj/icu_lld.o
LOAD build/obj/pwm_lld.o
LOAD build/obj/serial_lld.o
LOAD build/obj/usb_lld.o
LOAD build/obj/board.o
LOAD build/obj/test.o
LOAD build/obj/testthd.o
LOAD build/obj/testsem.o
LOAD build/obj/testmtx.o
LOAD build/obj/testmsg.o
LOAD build/obj/testmbox.o
LOAD build/obj/testevt.o
LOAD build/obj/testheap.o
LOAD build/obj/testpools.o
LOAD build/obj/testdyn.o
LOAD build/obj/testqueues.o
LOAD build/obj/testsys.o
LOAD build/obj/testbmk.o
LOAD build/obj/usbcfg.o
LOAD build/obj/chprintf.o
LOAD build/obj/main.o
                0x20000000                __ram0_start__ = ORIGIN (ram0)
                0x0000a000                __ram0_size__ = LENGTH (ram0)
                0x2000a000                __ram0_end__ = (__ram0_start__ + __ram0_size__)
                0x00000000                __ram1_start__ = ORIGIN (ram1)
                0x00000000                __ram1_size__ = LENGTH (ram1)
                0x00000000                __ram1_end__ = (__ram1_start__ + __ram1_size__)
                0x00000000                __ram2_start__ = ORIGIN (ram2)
                0x00000000                __ram2_size__ = LENGTH (ram2)
                0x00000000                __ram2_end__ = (__ram2_start__ + __ram2_size__)
                0x00000000                __ram3_start__ = ORIGIN (ram3)
                0x00000000                __ram3_size__ = LENGTH (ram3)
                0x00000000                __ram3_end__ = (__ram3_start__ + __ram3_size__)
                0x10000000                __ram4_start__ = ORIGIN (ram4)
                0x00002000                __ram4_size__ = LENGTH (ram4)
                0x10002000                __ram4_end__ = (__ram4_start__ + __ram4_size__)
                0x00000000                __ram5_start__ = ORIGIN (ram5)
                0x00000000                __ram5_size__ = LENGTH (ram5)
                0x00000000                __ram5_end__ = (__ram5_start__ + __ram5_size__)
                0x00000000                __ram6_start__ = ORIGIN (ram6)
                0x00000000                __ram6_size__ = LENGTH (ram6)
                0x00000000                __ram6_end__ = (__ram6_start__ + __ram6_size__)
                0x00000000                __ram7_start__ = ORIGIN (ram7)
                0x00000000                __ram7_size__ = LENGTH (ram7)
                0x00000000                __ram7_end__ = (__ram7_start__ + __ram7_size__)
                0x00000000                . = 0x0
                0x00000000                _text = .

startup         0x08000000      0x1a0
 *(.vectors)
 .vectors       0x08000000      0x1a0 /tmp/cc0TUbKj.ltrans1.ltrans.o
                0x08000000                _vectors

constructors    0x080001a0        0x0
                0x080001a0                __init_array_start = .
 *(SORT(.init_array.*))
 *(.init_array)
                0x080001a0                __init_array_end = .

destructors     0x080001a0        0x0
                0x080001a0                __fini_array_start = .
 *(.fini_array)
 *(SORT(.fini_array.*))
                0x080001a0                __fini_array_end = .

.text           0x080001a0     0x2c30
 *(.text)
 .text          0x080001a0      0x108 build/obj/crt0_v7m.o
                0x080001a0                Reset_Handler
 *fill*         0x080002a8        0x8 
 .text          0x080002b0       0x30 build/obj/chcoreasm_v7m.o
                0x080002b0                _port_switch
                0x080002c8                _port_thread_start
                0x080002d8                _port_switch_from_isr
                0x080002dc                _port_exit_from_isr
 *(.text.*)
 .text.set_address
                0x080002e0       0x28 /tmp/cc0TUbKj.ltrans0.ltrans.o
 *fill*         0x08000308        0x8 
 .text.SVC_Handler
                0x08000310       0x20 /tmp/cc0TUbKj.ltrans0.ltrans.o
                0x08000310                SVC_Handler
 .text.chCoreAlloc
                0x08000330       0x38 /tmp/cc0TUbKj.ltrans0.ltrans.o
                0x08000330                chCoreAlloc
 *fill*         0x08000368        0x8 
 .text.wakeup   0x08000370       0x70 /tmp/cc0TUbKj.ltrans0.ltrans.o
 .text._idle_thread.lto_priv.54
                0x080003e0        0x4 /tmp/cc0TUbKj.ltrans0.ltrans.o
                0x080003e0                _idle_thread.lto_priv.54
 *fill*         0x080003e4        0xc 
 .text._usb_ep0out
                0x080003f0       0xac /tmp/cc0TUbKj.ltrans0.ltrans.o
                0x080003f0                _usb_ep0out
 *fill*         0x0800049c        0x4 
 .text._usb_ep0in
                0x080004a0       0xe4 /tmp/cc0TUbKj.ltrans0.ltrans.o
                0x080004a0                _usb_ep0in
 *fill*         0x08000584        0xc 
 .text._usb_ep0setup
                0x08000590      0x450 /tmp/cc0TUbKj.ltrans0.ltrans.o
                0x08000590                _usb_ep0setup
 .text._port_irq_epilogue
                0x080009e0       0x64 /tmp/cc0TUbKj.ltrans0.ltrans.o
                0x080009e0                _port_irq_epilogue
 *fill*         0x08000a44        0xc 
 .text.Vector7C
                0x08000a50       0x3c /tmp/cc0TUbKj.ltrans0.ltrans.o
                0x08000a50                Vector7C
 *fill*         0x08000a8c        0x4 
 .text.Vector78
                0x08000a90       0x3c /tmp/cc0TUbKj.ltrans0.ltrans.o
                0x08000a90                Vector78
 *fill*         0x08000acc        0x4 
 .text.Vector74
                0x08000ad0       0x3c /tmp/cc0TUbKj.ltrans0.ltrans.o
                0x08000ad0                Vector74
 *fill*         0x08000b0c        0x4 
 .text.Vector70
                0x08000b10       0x3c /tmp/cc0TUbKj.ltrans0.ltrans.o
                0x08000b10                Vector70
 *fill*         0x08000b4c        0x4 
 .text.Vector6C
                0x08000b50       0x34 /tmp/cc0TUbKj.ltrans0.ltrans.o
                0x08000b50                Vector6C
 *fill*         0x08000b84        0xc 
 .text.chTMStopMeasurementX
                0x08000b90       0x44 /tmp/cc0TUbKj.ltrans0.ltrans.o
                0x08000b90                chTMStopMeasurementX
 *fill*         0x08000bd4        0xc 
 .text.chSchDoReschedule
                0x08000be0       0x3c /tmp/cc0TUbKj.ltrans0.ltrans.o
                0x08000be0                chSchDoReschedule
 *fill*         0x08000c1c        0x4 
 .text.chSchGoSleepS
                0x08000c20       0x24 /tmp/cc0TUbKj.ltrans0.ltrans.o
                0x08000c20                chSchGoSleepS
 *fill*         0x08000c44        0xc 
 .text.chSchGoSleepTimeoutS
                0x08000c50      0x118 /tmp/cc0TUbKj.ltrans0.ltrans.o
                0x08000c50                chSchGoSleepTimeoutS
 *fill*         0x08000d68        0x8 
 .text.chThdEnqueueTimeoutS
                0x08000d70       0x28 /tmp/cc0TUbKj.ltrans0.ltrans.o
 *fill*         0x08000d98        0x8 
 .text.chOQWriteTimeout
                0x08000da0       0x88 /tmp/cc0TUbKj.ltrans0.ltrans.o
 *fill*         0x08000e28        0x8 
 .text.writet.lto_priv.63
                0x08000e30        0x8 /tmp/cc0TUbKj.ltrans0.ltrans.o
                0x08000e30                writet.lto_priv.63
 *fill*         0x08000e38        0x8 
 .text.write.lto_priv.57
                0x08000e40        0xc /tmp/cc0TUbKj.ltrans0.ltrans.o
                0x08000e40                write.lto_priv.57
 *fill*         0x08000e4c        0x4 
 .text.chOQPutTimeout
                0x08000e50       0x54 /tmp/cc0TUbKj.ltrans0.ltrans.o
 *fill*         0x08000ea4        0xc 
 .text.putt.lto_priv.61
                0x08000eb0        0x8 /tmp/cc0TUbKj.ltrans0.ltrans.o
                0x08000eb0                putt.lto_priv.61
 *fill*         0x08000eb8        0x8 
 .text.put.lto_priv.59
                0x08000ec0        0xc /tmp/cc0TUbKj.ltrans0.ltrans.o
                0x08000ec0                put.lto_priv.59
 *fill*         0x08000ecc        0x4 
 .text.chIQReadTimeout
                0x08000ed0       0x78 /tmp/cc0TUbKj.ltrans0.ltrans.o
 *fill*         0x08000f48        0x8 
 .text.readt.lto_priv.64
                0x08000f50        0x8 /tmp/cc0TUbKj.ltrans0.ltrans.o
                0x08000f50                readt.lto_priv.64
 *fill*         0x08000f58        0x8 
 .text.read.lto_priv.58
                0x08000f60        0xc /tmp/cc0TUbKj.ltrans0.ltrans.o
                0x08000f60                read.lto_priv.58
 *fill*         0x08000f6c        0x4 
 .text.chIQGetTimeout
                0x08000f70       0x50 /tmp/cc0TUbKj.ltrans0.ltrans.o
 .text.gett.lto_priv.62
                0x08000fc0        0x8 /tmp/cc0TUbKj.ltrans0.ltrans.o
                0x08000fc0                gett.lto_priv.62
 *fill*         0x08000fc8        0x8 
 .text.get.lto_priv.60
                0x08000fd0        0xc /tmp/cc0TUbKj.ltrans0.ltrans.o
                0x08000fd0                get.lto_priv.60
 *fill*         0x08000fdc        0x4 
 .text.chSchReadyI
                0x08000fe0       0x2c /tmp/cc0TUbKj.ltrans0.ltrans.o
                0x08000fe0                chSchReadyI
 *fill*         0x0800100c        0x4 
 .text.chThdResumeI
                0x08001010       0x14 /tmp/cc0TUbKj.ltrans0.ltrans.o
                0x08001010                chThdResumeI
 *fill*         0x08001024        0xc 
 .text.chThdExit
                0x08001030       0x48 /tmp/cc0TUbKj.ltrans0.ltrans.o
                0x08001030                chThdExit
 *fill*         0x08001078        0x8 
 .text._unhandled_exception
                0x08001080        0x4 /tmp/cc0TUbKj.ltrans0.ltrans.o
                0x08001080                Vector58
                0x08001080                VectorE8
                0x08001080                Vector9C
                0x08001080                DebugMon_Handler
                0x08001080                Vector5C
                0x08001080                Vector11C
                0x08001080                HardFault_Handler
                0x08001080                Vector19C
                0x08001080                Vector8C
                0x08001080                SysTick_Handler
                0x08001080                VectorDC
                0x08001080                PendSV_Handler
                0x08001080                Vector168
                0x08001080                NMI_Handler
                0x08001080                Vector110
                0x08001080                VectorC8
                0x08001080                Vector94
                0x08001080                VectorA8
                0x08001080                VectorB4
                0x08001080                Vector160
                0x08001080                UsageFault_Handler
                0x08001080                VectorEC
                0x08001080                Vector40
                0x08001080                VectorF8
                0x08001080                Vector108
                0x08001080                Vector190
                0x08001080                Vector150
                0x08001080                Vector148
                0x08001080                Vector188
                0x08001080                Vector198
                0x08001080                Vector118
                0x08001080                Vector64
                0x08001080                VectorCC
                0x08001080                Vector54
                0x08001080                Vector98
                0x08001080                VectorD8
                0x08001080                Vector138
                0x08001080                Vector24
                0x08001080                Vector178
                0x08001080                VectorD0
                0x08001080                Vector140
                0x08001080                VectorE4
                0x08001080                Vector158
                0x08001080                Vector134
                0x08001080                VectorF0
                0x08001080                Vector13C
                0x08001080                Vector100
                0x08001080                VectorE0
                0x08001080                VectorF4
                0x08001080                MemManage_Handler
                0x08001080                VectorA0
                0x08001080                VectorC4
                0x08001080                Vector180
                0x08001080                Vector90
                0x08001080                Vector114
                0x08001080                Vector164
                0x08001080                Vector60
                0x08001080                Vector1C
                0x08001080                Vector17C
                0x08001080                Vector48
                0x08001080                Vector4C
                0x08001080                Vector144
                0x08001080                Vector15C
                0x08001080                Vector68
                0x08001080                _unhandled_exception
                0x08001080                Vector170
                0x08001080                Vector88
                0x08001080                Vector104
                0x08001080                Vector184
                0x08001080                Vector10C
                0x08001080                Vector14C
                0x08001080                BusFault_Handler
                0x08001080                Vector50
                0x08001080                Vector194
                0x08001080                Vector154
                0x08001080                Vector44
                0x08001080                Vector28
                0x08001080                VectorFC
                0x08001080                Vector34
                0x08001080                Vector20
                0x08001080                Vector18C
                0x08001080                Vector174
 *fill*         0x08001084        0xc 
 .text.__init_ram_areas
                0x08001090       0x64 /tmp/cc0TUbKj.ltrans0.ltrans.o
                0x08001090                __init_ram_areas
 *fill*         0x080010f4        0xc 
 .text.__default_exit
                0x08001100        0x4 /tmp/cc0TUbKj.ltrans0.ltrans.o
                0x08001100                __default_exit
 *fill*         0x08001104        0xc 
 .text.__late_init
                0x08001110        0x4 /tmp/cc0TUbKj.ltrans0.ltrans.o
                0x08001110                __late_init
 *fill*         0x08001114        0xc 
 .text.__core_init
                0x08001120        0x4 /tmp/cc0TUbKj.ltrans0.ltrans.o
                0x08001120                __core_init
 *fill*         0x08001124        0xc 
 .text.notify1.lto_priv.55
                0x08001130       0x10 /tmp/cc0TUbKj.ltrans1.ltrans.o
                0x08001130                notify1.lto_priv.55
 .text.spi_lld_serve_tx_interrupt.lto_priv.53
                0x08001140       0x18 /tmp/cc0TUbKj.ltrans1.ltrans.o
                0x08001140                spi_lld_serve_tx_interrupt.lto_priv.53
 *fill*         0x08001158        0x8 
 .text.Vector16C
                0x08001160      0x38c /tmp/cc0TUbKj.ltrans1.ltrans.o
 *fill*         0x080014ec        0x4 
 .text.VectorB8
                0x080014f0       0x64 /tmp/cc0TUbKj.ltrans1.ltrans.o
 *fill*         0x08001554        0xc 
 .text.VectorA4
                0x08001560       0x9c /tmp/cc0TUbKj.ltrans1.ltrans.o
 *fill*         0x080015fc        0x4 
 .text.VectorAC
                0x08001600        0x4 /tmp/cc0TUbKj.ltrans1.ltrans.o
 *fill*         0x08001604        0xc 
 .text.VectorB0
                0x08001610       0x94 /tmp/cc0TUbKj.ltrans1.ltrans.o
 *fill*         0x080016a4        0xc 
 .text.Vector130
                0x080016b0       0x3c /tmp/cc0TUbKj.ltrans1.ltrans.o
 *fill*         0x080016ec        0x4 
 .text.Vector12C
                0x080016f0       0x3c /tmp/cc0TUbKj.ltrans1.ltrans.o
 *fill*         0x0800172c        0x4 
 .text.Vector128
                0x08001730       0x3c /tmp/cc0TUbKj.ltrans1.ltrans.o
 *fill*         0x0800176c        0x4 
 .text.Vector124
                0x08001770       0x3c /tmp/cc0TUbKj.ltrans1.ltrans.o
 *fill*         0x080017ac        0x4 
 .text.Vector120
                0x080017b0       0x34 /tmp/cc0TUbKj.ltrans1.ltrans.o
 *fill*         0x080017e4        0xc 
 .text.Vector84
                0x080017f0       0x3c /tmp/cc0TUbKj.ltrans1.ltrans.o
 *fill*         0x0800182c        0x4 
 .text.Vector80
                0x08001830       0x3c /tmp/cc0TUbKj.ltrans1.ltrans.o
 *fill*         0x0800186c        0x4 
 .text.VectorD4
                0x08001870      0x190 /tmp/cc0TUbKj.ltrans1.ltrans.o
 .text.spi_lld_serve_rx_interrupt.lto_priv.52
                0x08001a00       0x78 /tmp/cc0TUbKj.ltrans1.ltrans.o
                0x08001a00                spi_lld_serve_rx_interrupt.lto_priv.52
 *fill*         0x08001a78        0x8 
 .text.VectorC0
                0x08001a80       0x9c /tmp/cc0TUbKj.ltrans1.ltrans.o
 *fill*         0x08001b1c        0x4 
 .text.VectorBC
                0x08001b20      0x1b0 /tmp/cc0TUbKj.ltrans1.ltrans.o
 .text.__early_init
                0x08001cd0       0xa0 /tmp/cc0TUbKj.ltrans1.ltrans.o
                0x08001cd0                __early_init
 .text.Thread1  0x08001d70      0x1ac /tmp/cc0TUbKj.ltrans2.ltrans.o
 *fill*         0x08001f1c        0x4 
 .text.startup.main
                0x08001f20      0x9d0 /tmp/cc0TUbKj.ltrans2.ltrans.o
                0x08001f20                main
 .text.chSchWakeupS.constprop.51
                0x080028f0       0x58 /tmp/cc0TUbKj.ltrans3.ltrans.o
                0x080028f0                chSchWakeupS.constprop.51
 *fill*         0x08002948        0x8 
 .text.chTMStartMeasurementX.constprop.48
                0x08002950        0xc /tmp/cc0TUbKj.ltrans3.ltrans.o
                0x08002950                chTMStartMeasurementX.constprop.48
 *fill*         0x0800295c        0x4 
 .text.chEvtBroadcastFlagsI.constprop.43
                0x08002960       0x64 /tmp/cc0TUbKj.ltrans3.ltrans.o
                0x08002960                chEvtBroadcastFlagsI.constprop.43
 *fill*         0x080029c4        0xc 
 .text.dmaStreamAllocate.constprop.31
                0x080029d0       0xac /tmp/cc0TUbKj.ltrans3.ltrans.o
                0x080029d0                dmaStreamAllocate.constprop.31
 *fill*         0x08002a7c        0x4 
 .text.spi_lld_exchange.constprop.17
                0x08002a80       0x3c /tmp/cc0TUbKj.ltrans3.ltrans.o
                0x08002a80                spi_lld_exchange.constprop.17
 *fill*         0x08002abc        0x4 
 .text.usb_lld_start_in.constprop.10
                0x08002ac0       0x70 /tmp/cc0TUbKj.ltrans3.ltrans.o
                0x08002ac0                usb_lld_start_in.constprop.10
 .text.usb_lld_start_out.constprop.9
                0x08002b30       0x3c /tmp/cc0TUbKj.ltrans3.ltrans.o
                0x08002b30                usb_lld_start_out.constprop.9
 *(.rodata)
 *fill*         0x08002b6c        0x4 
 .rodata        0x08002b70        0x8 /tmp/cc0TUbKj.ltrans2.ltrans.o
 *(.rodata.*)
 *fill*         0x08002b78        0x8 
 .rodata.zero_status
                0x08002b80        0x2 /tmp/cc0TUbKj.ltrans0.ltrans.o
 *fill*         0x08002b82        0xe 
 .rodata.active_status
                0x08002b90        0x2 /tmp/cc0TUbKj.ltrans0.ltrans.o
 *fill*         0x08002b92        0xe 
 .rodata.ram_areas
                0x08002ba0       0x80 /tmp/cc0TUbKj.ltrans0.ltrans.o
 .rodata.halted_status
                0x08002c20        0x2 /tmp/cc0TUbKj.ltrans0.ltrans.o
 *fill*         0x08002c22        0xe 
 .rodata.str1.4
                0x08002c30        0xc /tmp/cc0TUbKj.ltrans1.ltrans.o
 *fill*         0x08002c3c        0x4 
 .rodata.ep0config
                0x08002c40       0x24 /tmp/cc0TUbKj.ltrans1.ltrans.o
 *fill*         0x08002c64        0xc 
 .rodata.spi1cfg
                0x08002c70       0x10 /tmp/cc0TUbKj.ltrans2.ltrans.o
 .rodata.i2cconfig
                0x08002c80        0xc /tmp/cc0TUbKj.ltrans2.ltrans.o
 *fill*         0x08002c8c        0x4 
 .rodata.ch_debug
                0x08002c90       0x16 /tmp/cc0TUbKj.ltrans2.ltrans.o
 *fill*         0x08002ca6        0xa 
 .rodata.str1.4
                0x08002cb0       0x10 /tmp/cc0TUbKj.ltrans2.ltrans.o
                                  0xd (size before relaxing)
 .rodata.vmt    0x08002cc0       0x20 /tmp/cc0TUbKj.ltrans2.ltrans.o
 .rodata._stm32_dma_streams
                0x08002ce0       0xf0 /tmp/cc0TUbKj.ltrans2.ltrans.o
 *(.glue_7t)
 .glue_7t       0x08002dd0        0x0 linker stubs
 *(.glue_7)
 .glue_7        0x08002dd0        0x0 linker stubs
 *(.gcc*)

.vfp11_veneer   0x08002dd0        0x0
 .vfp11_veneer  0x08002dd0        0x0 linker stubs

.v4_bx          0x08002dd0        0x0
 .v4_bx         0x08002dd0        0x0 linker stubs

.iplt           0x08002dd0        0x0
 .iplt          0x08002dd0        0x0 build/obj/crt0_v7m.o

.rel.dyn        0x08002dd0        0x0
 .rel.iplt      0x08002dd0        0x0 build/obj/crt0_v7m.o

.ARM.extab
 *(.ARM.extab* .gnu.linkonce.armextab.*)

.ARM.exidx      0x08002dd0        0x0
                0x08002dd0                __exidx_start = .
 *(.ARM.exidx* .gnu.linkonce.armexidx.*)
                0x08002dd0                __exidx_end = .

.eh_frame_hdr
 *(.eh_frame_hdr)

.eh_frame
 *(.eh_frame)

.textalign      0x08002dd0        0x0
                0x08002dd0                . = ALIGN (0x8)
                0x08002dd0                . = ALIGN (0x4)
                [!provide]                PROVIDE (_etext, .)

.mstack         0x20000000      0x400
                0x20000000                . = ALIGN (0x8)
                0x20000000                __main_stack_base__ = .
                0x20000400                . = (. + __main_stack_size__)
 *fill*         0x20000000      0x400 
                0x20000400                . = ALIGN (0x8)
                0x20000400                __main_stack_end__ = .

.pstack         0x20000400      0x400
                0x20000400                __process_stack_base__ = .
                0x20000400                __main_thread_stack_base__ = .
                0x20000800                . = (. + __process_stack_size__)
 *fill*         0x20000400      0x400 
                0x20000800                . = ALIGN (0x8)
                0x20000800                __process_stack_end__ = .
                0x20000800                __main_thread_stack_end__ = .

.data           0x20000800       0x48 load address 0x08002dd0
                0x20000800                . = ALIGN (0x4)
                [!provide]                PROVIDE (_textdata, LOADADDR (.data))
                [!provide]                PROVIDE (_data, .)
                0x08002dd0                _textdata_start = LOADADDR (.data)
                0x20000800                _data_start = .
 *(.data)
 *(.data.*)
 .data.pwmcfg   0x20000800       0x44 /tmp/cc0TUbKj.ltrans2.ltrans.o
 .data.width.8387
                0x20000844        0x4 /tmp/cc0TUbKj.ltrans2.ltrans.o
 *(.ramtext)
                0x20000848                . = ALIGN (0x4)
                [!provide]                PROVIDE (_edata, .)
                0x20000848                _data_end = .

.igot.plt       0x20000848        0x0 load address 0x08002e18
 .igot.plt      0x20000848        0x0 build/obj/crt0_v7m.o

.bss            0x20000848      0x5f4 load address 0x08002e18
                0x20000848                . = ALIGN (0x4)
                0x20000848                _bss_start = .
 *(.bss)
 *(.bss.*)
 .bss.ep0_state
                0x20000848       0x10 /tmp/cc0TUbKj.ltrans1.ltrans.o
 .bss.ep0setup_buffer
                0x20000858        0x8 /tmp/cc0TUbKj.ltrans1.ltrans.o
 .bss.waThread1
                0x20000860      0x1d0 /tmp/cc0TUbKj.ltrans2.ltrans.o
 .bss.USBD1     0x20000a30       0x88 /tmp/cc0TUbKj.ltrans2.ltrans.o
                0x20000a30                USBD1
 .bss.PWMD4     0x20000ab8       0x1c /tmp/cc0TUbKj.ltrans2.ltrans.o
                0x20000ab8                PWMD4
 .bss.endmem.lto_priv.65
                0x20000ad4        0x4 /tmp/cc0TUbKj.ltrans2.ltrans.o
                0x20000ad4                endmem.lto_priv.65
 .bss.nextmem.lto_priv.66
                0x20000ad8        0x4 /tmp/cc0TUbKj.ltrans2.ltrans.o
                0x20000ad8                nextmem.lto_priv.66
 *fill*         0x20000adc        0x4 
 .bss.default_heap
                0x20000ae0       0x20 /tmp/cc0TUbKj.ltrans2.ltrans.o
 .bss.dir.8385  0x20000b00        0x4 /tmp/cc0TUbKj.ltrans2.ltrans.o
 .bss.I2CD1     0x20000b04       0x34 /tmp/cc0TUbKj.ltrans2.ltrans.o
                0x20000b04                I2CD1
 .bss.ICUD1     0x20000b38       0x18 /tmp/cc0TUbKj.ltrans2.ltrans.o
                0x20000b38                ICUD1
 .bss._stm32_dma_isr_redir
                0x20000b50       0x60 /tmp/cc0TUbKj.ltrans3.ltrans.o
                0x20000b50                _stm32_dma_isr_redir
 .bss.SD1       0x20000bb0       0x7c /tmp/cc0TUbKj.ltrans3.ltrans.o
                0x20000bb0                SD1
 *fill*         0x20000c2c        0x4 
 .bss.ch        0x20000c30      0x1d8 /tmp/cc0TUbKj.ltrans3.ltrans.o
                0x20000c30                ch
 .bss.SPID1     0x20000e08       0x30 /tmp/cc0TUbKj.ltrans3.ltrans.o
                0x20000e08                SPID1
 .bss.dma_streams_mask.lto_priv.56
                0x20000e38        0x4 /tmp/cc0TUbKj.ltrans3.ltrans.o
                0x20000e38                dma_streams_mask.lto_priv.56
 *(COMMON)
                0x20000e3c                . = ALIGN (0x4)
                0x20000e3c                _bss_end = .
                [!provide]                PROVIDE (end, .)

.ram0_init      0x20000e3c        0x0 load address 0x08002e18
                0x20000e3c                . = ALIGN (0x4)
                0x08002e18                __ram0_init_text__ = LOADADDR (.ram0_init)
                0x20000e3c                __ram0_init__ = .
 *(.ram0_init)
 *(.ram0_init.*)
                0x20000e3c                . = ALIGN (0x4)

.ram0           0x20000e3c        0x0 load address 0x08002e18
                0x20000e3c                . = ALIGN (0x4)
                0x20000e3c                __ram0_clear__ = .
 *(.ram0_clear)
 *(.ram0_clear.*)
                0x20000e3c                . = ALIGN (0x4)
                0x20000e3c                __ram0_noinit__ = .
 *(.ram0)
 *(.ram0.*)
                0x20000e3c                . = ALIGN (0x4)
                0x20000e3c                __ram0_free__ = .

.ram1_init      0x00000000        0x0 load address 0x08002e18
                0x00000000                . = ALIGN (0x4)
                0x08002e18                __ram1_init_text__ = LOADADDR (.ram1_init)
                0x00000000                __ram1_init__ = .
 *(.ram1_init)
 *(.ram1_init.*)
                0x00000000                . = ALIGN (0x4)

.ram1           0x00000000        0x0 load address 0x08002e18
                0x00000000                . = ALIGN (0x4)
                0x00000000                __ram1_clear__ = .
 *(.ram1_clear)
 *(.ram1_clear.*)
                0x00000000                . = ALIGN (0x4)
                0x00000000                __ram1_noinit__ = .
 *(.ram1)
 *(.ram1.*)
                0x00000000                . = ALIGN (0x4)
                0x00000000                __ram1_free__ = .

.ram2_init      0x00000000        0x0 load address 0x08002e18
                0x00000000                . = ALIGN (0x4)
                0x08002e18                __ram2_init_text__ = LOADADDR (.ram2_init)
                0x00000000                __ram2_init__ = .
 *(.ram2_init)
 *(.ram2_init.*)
                0x00000000                . = ALIGN (0x4)

.ram2           0x00000000        0x0 load address 0x08002e18
                0x00000000                . = ALIGN (0x4)
                0x00000000                __ram2_clear__ = .
 *(.ram2_clear)
 *(.ram2_clear.*)
                0x00000000                . = ALIGN (0x4)
                0x00000000                __ram2_noinit__ = .
 *(.ram2)
 *(.ram2.*)
                0x00000000                . = ALIGN (0x4)
                0x00000000                __ram2_free__ = .

.ram3_init      0x00000000        0x0 load address 0x08002e18
                0x00000000                . = ALIGN (0x4)
                0x08002e18                __ram3_init_text__ = LOADADDR (.ram3_init)
                0x00000000                __ram3_init__ = .
 *(.ram3_init)
 *(.ram3_init.*)
                0x00000000                . = ALIGN (0x4)

.ram3           0x00000000        0x0 load address 0x08002e18
                0x00000000                . = ALIGN (0x4)
                0x00000000                __ram3_clear__ = .
 *(.ram3_clear)
 *(.ram3_clear.*)
                0x00000000                . = ALIGN (0x4)
                0x00000000                __ram3_noinit__ = .
 *(.ram3)
 *(.ram3.*)
                0x00000000                . = ALIGN (0x4)
                0x00000000                __ram3_free__ = .

.ram4_init      0x10000000        0x0 load address 0x08002e18
                0x10000000                . = ALIGN (0x4)
                0x08002e18                __ram4_init_text__ = LOADADDR (.ram4_init)
                0x10000000                __ram4_init__ = .
 *(.ram4_init)
 *(.ram4_init.*)
                0x10000000                . = ALIGN (0x4)

.ram4           0x10000000        0x0 load address 0x08002e18
                0x10000000                . = ALIGN (0x4)
                0x10000000                __ram4_clear__ = .
 *(.ram4_clear)
 *(.ram4_clear.*)
                0x10000000                . = ALIGN (0x4)
                0x10000000                __ram4_noinit__ = .
 *(.ram4)
 *(.ram4.*)
                0x10000000                . = ALIGN (0x4)
                0x10000000                __ram4_free__ = .

.ram5_init      0x00000000        0x0 load address 0x08002e18
                0x00000000                . = ALIGN (0x4)
                0x08002e18                __ram5_init_text__ = LOADADDR (.ram5_init)
                0x00000000                __ram5_init__ = .
 *(.ram5_init)
 *(.ram5_init.*)
                0x00000000                . = ALIGN (0x4)

.ram5           0x00000000        0x0 load address 0x08002e18
                0x00000000                . = ALIGN (0x4)
                0x00000000                __ram5_clear__ = .
 *(.ram5_clear)
 *(.ram5_clear.*)
                0x00000000                . = ALIGN (0x4)
                0x00000000                __ram5_noinit__ = .
 *(.ram5)
 *(.ram5.*)
                0x00000000                . = ALIGN (0x4)
                0x00000000                __ram5_free__ = .

.ram6_init      0x00000000        0x0 load address 0x08002e18
                0x00000000                . = ALIGN (0x4)
                0x08002e18                __ram6_init_text__ = LOADADDR (.ram6_init)
                0x00000000                __ram6_init__ = .
 *(.ram6_init)
 *(.ram6_init.*)
                0x00000000                . = ALIGN (0x4)

.ram6           0x00000000        0x0 load address 0x08002e18
                0x00000000                . = ALIGN (0x4)
                0x00000000                __ram6_clear__ = .
 *(.ram6_clear)
 *(.ram6_clear.*)
                0x00000000                . = ALIGN (0x4)
                0x00000000                __ram6_noinit__ = .
 *(.ram6)
 *(.ram6.*)
                0x00000000                . = ALIGN (0x4)
                0x00000000                __ram6_free__ = .

.ram7_init      0x00000000        0x0 load address 0x08002e18
                0x00000000                . = ALIGN (0x4)
                0x08002e18                __ram7_init_text__ = LOADADDR (.ram7_init)
                0x00000000                __ram7_init__ = .
 *(.ram7_init)
 *(.ram7_init.*)
                0x00000000                . = ALIGN (0x4)

.ram7           0x00000000        0x0 load address 0x08002e18
                0x00000000                . = ALIGN (0x4)
                0x00000000                __ram7_clear__ = .
 *(.ram7_clear)
 *(.ram7_clear.*)
                0x00000000                . = ALIGN (0x4)
                0x00000000                __ram7_noinit__ = .
 *(.ram7)
 *(.ram7.*)
                0x00000000                . = ALIGN (0x4)
                0x00000000                __ram7_free__ = .

.heap           0x20000e3c     0x91c4
                0x20000e40                . = ALIGN (0x8)
 *fill*         0x20000e3c        0x4 
                0x20000e40                __heap_base__ = .
                0x2000a000                . = (ORIGIN (HEAP_RAM) + LENGTH (HEAP_RAM))
 *fill*         0x20000e40     0x91c0 
                0x2000a000                __heap_end__ = .
                0x00000400                __process_stack_size__ = 0x400
                0x00000400                __main_stack_size__ = 0x400
START GROUP
LOAD /opt/gcc-arm-none-eabi/bin/../lib/gcc/arm-none-eabi/5.4.1/armv7e-m/fpu/libgcc.a
LOAD /opt/gcc-arm-none-eabi/bin/../lib/gcc/arm-none-eabi/5.4.1/../../../../arm-none-eabi/lib/armv7e-m/fpu/libg.a
LOAD /opt/gcc-arm-none-eabi/bin/../lib/gcc/arm-none-eabi/5.4.1/../../../../arm-none-eabi/lib/armv7e-m/fpu/libc.a
END GROUP
OUTPUT(build/ch.elf elf32-littlearm)

.ARM.attributes
                0x00000000       0x33
 .ARM.attributes
                0x00000000       0x25 build/obj/crt0_v7m.o
 .ARM.attributes
                0x00000025       0x25 build/obj/chcoreasm_v7m.o
 .ARM.attributes
                0x0000004a       0x37 /tmp/cc0TUbKj.ltrans0.ltrans.o
 .ARM.attributes
                0x00000081       0x37 /tmp/cc0TUbKj.ltrans1.ltrans.o
 .ARM.attributes
                0x000000b8       0x37 /tmp/cc0TUbKj.ltrans2.ltrans.o
 .ARM.attributes
                0x000000ef       0x37 /tmp/cc0TUbKj.ltrans3.ltrans.o

.comment        0x00000000       0x6e
 .comment       0x00000000       0x6e /tmp/cc0TUbKj.ltrans0.ltrans.o
                                 0x6f (size before relaxing)
 .comment       0x0000006e       0x6f /tmp/cc0TUbKj.ltrans1.ltrans.o
 .comment       0x0000006e       0x6f /tmp/cc0TUbKj.ltrans2.ltrans.o
 .comment       0x0000006e       0x6f /tmp/cc0TUbKj.ltrans3.ltrans.o

.debug_info     0x00000000     0xc687
 .debug_info    0x00000000     0x3a0f /tmp/cc0TUbKj.ltrans0.ltrans.o
 .debug_info    0x00003a0f     0x36f3 /tmp/cc0TUbKj.ltrans1.ltrans.o
 .debug_info    0x00007102     0x3c54 /tmp/cc0TUbKj.ltrans2.ltrans.o
 .debug_info    0x0000ad56     0x1931 /tmp/cc0TUbKj.ltrans3.ltrans.o

.debug_abbrev   0x00000000     0x12d6
 .debug_abbrev  0x00000000      0x66e /tmp/cc0TUbKj.ltrans0.ltrans.o
 .debug_abbrev  0x0000066e      0x4d6 /tmp/cc0TUbKj.ltrans1.ltrans.o
 .debug_abbrev  0x00000b44      0x45f /tmp/cc0TUbKj.ltrans2.ltrans.o
 .debug_abbrev  0x00000fa3      0x333 /tmp/cc0TUbKj.ltrans3.ltrans.o

.debug_loc      0x00000000     0x37a1
 .debug_loc     0x00000000     0x1a1e /tmp/cc0TUbKj.ltrans0.ltrans.o
 .debug_loc     0x00001a1e      0xc44 /tmp/cc0TUbKj.ltrans1.ltrans.o
 .debug_loc     0x00002662      0xc74 /tmp/cc0TUbKj.ltrans2.ltrans.o
 .debug_loc     0x000032d6      0x4cb /tmp/cc0TUbKj.ltrans3.ltrans.o

.debug_aranges  0x00000000      0x268
 .debug_aranges
                0x00000000      0x148 /tmp/cc0TUbKj.ltrans0.ltrans.o
 .debug_aranges
                0x00000148       0xa8 /tmp/cc0TUbKj.ltrans1.ltrans.o
 .debug_aranges
                0x000001f0       0x28 /tmp/cc0TUbKj.ltrans2.ltrans.o
 .debug_aranges
                0x00000218       0x50 /tmp/cc0TUbKj.ltrans3.ltrans.o

.debug_ranges   0x00000000     0x1920
 .debug_ranges  0x00000000      0x628 /tmp/cc0TUbKj.ltrans0.ltrans.o
 .debug_ranges  0x00000628      0x528 /tmp/cc0TUbKj.ltrans1.ltrans.o
 .debug_ranges  0x00000b50      0xd18 /tmp/cc0TUbKj.ltrans2.ltrans.o
 .debug_ranges  0x00001868       0xb8 /tmp/cc0TUbKj.ltrans3.ltrans.o

.debug_line     0x00000000     0x35cd
 .debug_line    0x00000000      0xf1c /tmp/cc0TUbKj.ltrans0.ltrans.o
 .debug_line    0x00000f1c      0xedc /tmp/cc0TUbKj.ltrans1.ltrans.o
 .debug_line    0x00001df8     0x1107 /tmp/cc0TUbKj.ltrans2.ltrans.o
 .debug_line    0x00002eff      0x6ce /tmp/cc0TUbKj.ltrans3.ltrans.o

.debug_str      0x00000000     0x2432
 .debug_str     0x00000000     0x1027 /tmp/cc0TUbKj.ltrans0.ltrans.o
                               0x10e1 (size before relaxing)
 .debug_str     0x00001027      0x9e1 /tmp/cc0TUbKj.ltrans1.ltrans.o
                               0x1475 (size before relaxing)
 .debug_str     0x00001a08      0x742 /tmp/cc0TUbKj.ltrans2.ltrans.o
                               0x15b1 (size before relaxing)
 .debug_str     0x0000214a      0x2e8 /tmp/cc0TUbKj.ltrans3.ltrans.o
                                0xef9 (size before relaxing)

.debug_frame    0x00000000      0x7bc
 .debug_frame   0x00000000      0x3f4 /tmp/cc0TUbKj.ltrans0.ltrans.o
 .debug_frame   0x000003f4      0x2a8 /tmp/cc0TUbKj.ltrans1.ltrans.o
 .debug_frame   0x0000069c       0x48 /tmp/cc0TUbKj.ltrans2.ltrans.o
 .debug_frame   0x000006e4       0xd8 /tmp/cc0TUbKj.ltrans3.ltrans.o

Cross Reference Table

Symbol                                            File
BusFault_Handler                                  /tmp/cc0TUbKj.ltrans0.ltrans.o
                                                  build/obj/vectors.o (symbol from plugin)
                                                  /tmp/cc0TUbKj.ltrans1.ltrans.o
DebugMon_Handler                                  /tmp/cc0TUbKj.ltrans0.ltrans.o
                                                  build/obj/vectors.o (symbol from plugin)
                                                  /tmp/cc0TUbKj.ltrans1.ltrans.o
HardFault_Handler                                 /tmp/cc0TUbKj.ltrans0.ltrans.o
                                                  build/obj/vectors.o (symbol from plugin)
                                                  /tmp/cc0TUbKj.ltrans1.ltrans.o
I2CD1                                             /tmp/cc0TUbKj.ltrans2.ltrans.o
                                                  build/obj/i2c_lld.o (symbol from plugin)
                                                  /tmp/cc0TUbKj.ltrans1.ltrans.o
                                                  build/obj/main.o (symbol from plugin)
ICUD1                                             /tmp/cc0TUbKj.ltrans2.ltrans.o
                                                  build/obj/icu_lld.o (symbol from plugin)
                                                  /tmp/cc0TUbKj.ltrans1.ltrans.o
MemManage_Handler                                 /tmp/cc0TUbKj.ltrans0.ltrans.o
                                                  build/obj/vectors.o (symbol from plugin)
                                                  /tmp/cc0TUbKj.ltrans1.ltrans.o
NMI_Handler                                       /tmp/cc0TUbKj.ltrans0.ltrans.o
                                                  build/obj/vectors.o (symbol from plugin)
                                                  /tmp/cc0TUbKj.ltrans1.ltrans.o
PWMD4                                             /tmp/cc0TUbKj.ltrans2.ltrans.o
                                                  build/obj/pwm_lld.o (symbol from plugin)
                                                  /tmp/cc0TUbKj.ltrans1.ltrans.o
                                                  build/obj/main.o (symbol from plugin)
PendSV_Handler                                    /tmp/cc0TUbKj.ltrans0.ltrans.o
                                                  build/obj/vectors.o (symbol from plugin)
                                                  /tmp/cc0TUbKj.ltrans1.ltrans.o
Reset_Handler                                     build/obj/crt0_v7m.o
                                                  /tmp/cc0TUbKj.ltrans1.ltrans.o
                                                  build/obj/vectors.o (symbol from plugin)
SD1                                               /tmp/cc0TUbKj.ltrans3.ltrans.o
                                                  build/obj/serial_lld.o (symbol from plugin)
                                                  /tmp/cc0TUbKj.ltrans2.ltrans.o
                                                  /tmp/cc0TUbKj.ltrans1.ltrans.o
SDU1                                              build/obj/usbcfg.o (symbol from plugin)
SPID1                                             /tmp/cc0TUbKj.ltrans3.ltrans.o
                                                  build/obj/spi_lld.o (symbol from plugin)
                                                  /tmp/cc0TUbKj.ltrans2.ltrans.o
                                                  build/obj/main.o (symbol from plugin)
SVC_Handler                                       /tmp/cc0TUbKj.ltrans0.ltrans.o
                                                  build/obj/chcore_v7m.o (symbol from plugin)
                                                  build/obj/vectors.o (symbol from plugin)
                                                  /tmp/cc0TUbKj.ltrans1.ltrans.o
SysTick_Handler                                   /tmp/cc0TUbKj.ltrans0.ltrans.o
                                                  build/obj/vectors.o (symbol from plugin)
                                                  /tmp/cc0TUbKj.ltrans1.ltrans.o
SystemCoreClock                                   build/obj/hal_lld.o (symbol from plugin)
TestThread                                        build/obj/test.o (symbol from plugin)
USBD1                                             /tmp/cc0TUbKj.ltrans2.ltrans.o
                                                  build/obj/usb_lld.o (symbol from plugin)
                                                  /tmp/cc0TUbKj.ltrans1.ltrans.o
                                                  build/obj/usbcfg.o (symbol from plugin)
UsageFault_Handler                                /tmp/cc0TUbKj.ltrans0.ltrans.o
                                                  build/obj/vectors.o (symbol from plugin)
                                                  /tmp/cc0TUbKj.ltrans1.ltrans.o
Vector100                                         /tmp/cc0TUbKj.ltrans0.ltrans.o
                                                  build/obj/vectors.o (symbol from plugin)
                                                  /tmp/cc0TUbKj.ltrans1.ltrans.o
Vector104                                         /tmp/cc0TUbKj.ltrans0.ltrans.o
                                                  build/obj/vectors.o (symbol from plugin)
                                                  /tmp/cc0TUbKj.ltrans1.ltrans.o
Vector108                                         /tmp/cc0TUbKj.ltrans0.ltrans.o
                                                  build/obj/vectors.o (symbol from plugin)
                                                  /tmp/cc0TUbKj.ltrans1.ltrans.o
Vector10C                                         /tmp/cc0TUbKj.ltrans0.ltrans.o
                                                  build/obj/vectors.o (symbol from plugin)
                                                  /tmp/cc0TUbKj.ltrans1.ltrans.o
Vector110                                         /tmp/cc0TUbKj.ltrans0.ltrans.o
                                                  build/obj/vectors.o (symbol from plugin)
                                                  /tmp/cc0TUbKj.ltrans1.ltrans.o
Vector114                                         /tmp/cc0TUbKj.ltrans0.ltrans.o
                                                  build/obj/vectors.o (symbol from plugin)
                                                  /tmp/cc0TUbKj.ltrans1.ltrans.o
Vector118                                         /tmp/cc0TUbKj.ltrans0.ltrans.o
                                                  build/obj/vectors.o (symbol from plugin)
                                                  /tmp/cc0TUbKj.ltrans1.ltrans.o
Vector11C                                         /tmp/cc0TUbKj.ltrans0.ltrans.o
                                                  build/obj/vectors.o (symbol from plugin)
                                                  /tmp/cc0TUbKj.ltrans1.ltrans.o
Vector120                                         build/obj/stm32_dma.o (symbol from plugin)
                                                  build/obj/vectors.o (symbol from plugin)
Vector124                                         build/obj/stm32_dma.o (symbol from plugin)
                                                  build/obj/vectors.o (symbol from plugin)
Vector128                                         build/obj/stm32_dma.o (symbol from plugin)
                                                  build/obj/vectors.o (symbol from plugin)
Vector12C                                         build/obj/stm32_dma.o (symbol from plugin)
                                                  build/obj/vectors.o (symbol from plugin)
Vector130                                         build/obj/stm32_dma.o (symbol from plugin)
                                                  build/obj/vectors.o (symbol from plugin)
Vector134                                         /tmp/cc0TUbKj.ltrans0.ltrans.o
                                                  build/obj/vectors.o (symbol from plugin)
                                                  /tmp/cc0TUbKj.ltrans1.ltrans.o
Vector138                                         /tmp/cc0TUbKj.ltrans0.ltrans.o
                                                  build/obj/vectors.o (symbol from plugin)
                                                  /tmp/cc0TUbKj.ltrans1.ltrans.o
Vector13C                                         /tmp/cc0TUbKj.ltrans0.ltrans.o
                                                  build/obj/vectors.o (symbol from plugin)
                                                  /tmp/cc0TUbKj.ltrans1.ltrans.o
Vector140                                         /tmp/cc0TUbKj.ltrans0.ltrans.o
                                                  build/obj/vectors.o (symbol from plugin)
                                                  /tmp/cc0TUbKj.ltrans1.ltrans.o
Vector144                                         /tmp/cc0TUbKj.ltrans0.ltrans.o
                                                  build/obj/vectors.o (symbol from plugin)
                                                  /tmp/cc0TUbKj.ltrans1.ltrans.o
Vector148                                         /tmp/cc0TUbKj.ltrans0.ltrans.o
                                                  build/obj/vectors.o (symbol from plugin)
                                                  /tmp/cc0TUbKj.ltrans1.ltrans.o
Vector14C                                         /tmp/cc0TUbKj.ltrans0.ltrans.o
                                                  build/obj/vectors.o (symbol from plugin)
                                                  /tmp/cc0TUbKj.ltrans1.ltrans.o
Vector150                                         /tmp/cc0TUbKj.ltrans0.ltrans.o
                                                  build/obj/vectors.o (symbol from plugin)
                                                  /tmp/cc0TUbKj.ltrans1.ltrans.o
Vector154                                         /tmp/cc0TUbKj.ltrans0.ltrans.o
                                                  build/obj/vectors.o (symbol from plugin)
                                                  /tmp/cc0TUbKj.ltrans1.ltrans.o
Vector158                                         /tmp/cc0TUbKj.ltrans0.ltrans.o
                                                  build/obj/vectors.o (symbol from plugin)
                                                  /tmp/cc0TUbKj.ltrans1.ltrans.o
Vector15C                                         /tmp/cc0TUbKj.ltrans0.ltrans.o
                                                  build/obj/vectors.o (symbol from plugin)
                                                  /tmp/cc0TUbKj.ltrans1.ltrans.o
Vector160                                         /tmp/cc0TUbKj.ltrans0.ltrans.o
                                                  build/obj/vectors.o (symbol from plugin)
                                                  /tmp/cc0TUbKj.ltrans1.ltrans.o
Vector164                                         /tmp/cc0TUbKj.ltrans0.ltrans.o
                                                  build/obj/vectors.o (symbol from plugin)
                                                  /tmp/cc0TUbKj.ltrans1.ltrans.o
Vector168                                         /tmp/cc0TUbKj.ltrans0.ltrans.o
                                                  build/obj/vectors.o (symbol from plugin)
                                                  /tmp/cc0TUbKj.ltrans1.ltrans.o
Vector16C                                         build/obj/usb_lld.o (symbol from plugin)
                                                  build/obj/vectors.o (symbol from plugin)
Vector170                                         /tmp/cc0TUbKj.ltrans0.ltrans.o
                                                  build/obj/vectors.o (symbol from plugin)
                                                  /tmp/cc0TUbKj.ltrans1.ltrans.o
Vector174                                         /tmp/cc0TUbKj.ltrans0.ltrans.o
                                                  build/obj/vectors.o (symbol from plugin)
                                                  /tmp/cc0TUbKj.ltrans1.ltrans.o
Vector178                                         /tmp/cc0TUbKj.ltrans0.ltrans.o
                                                  build/obj/vectors.o (symbol from plugin)
                                                  /tmp/cc0TUbKj.ltrans1.ltrans.o
Vector17C                                         /tmp/cc0TUbKj.ltrans0.ltrans.o
                                                  build/obj/vectors.o (symbol from plugin)
                                                  /tmp/cc0TUbKj.ltrans1.ltrans.o
Vector180                                         /tmp/cc0TUbKj.ltrans0.ltrans.o
                                                  build/obj/vectors.o (symbol from plugin)
                                                  /tmp/cc0TUbKj.ltrans1.ltrans.o
Vector184                                         /tmp/cc0TUbKj.ltrans0.ltrans.o
                                                  build/obj/vectors.o (symbol from plugin)
                                                  /tmp/cc0TUbKj.ltrans1.ltrans.o
Vector188                                         /tmp/cc0TUbKj.ltrans0.ltrans.o
                                                  build/obj/vectors.o (symbol from plugin)
                                                  /tmp/cc0TUbKj.ltrans1.ltrans.o
Vector18C                                         /tmp/cc0TUbKj.ltrans0.ltrans.o
                                                  build/obj/vectors.o (symbol from plugin)
                                                  /tmp/cc0TUbKj.ltrans1.ltrans.o
Vector190                                         /tmp/cc0TUbKj.ltrans0.ltrans.o
                                                  build/obj/vectors.o (symbol from plugin)
                                                  /tmp/cc0TUbKj.ltrans1.ltrans.o
Vector194                                         /tmp/cc0TUbKj.ltrans0.ltrans.o
                                                  build/obj/vectors.o (symbol from plugin)
                                                  /tmp/cc0TUbKj.ltrans1.ltrans.o
Vector198                                         /tmp/cc0TUbKj.ltrans0.ltrans.o
                                                  build/obj/vectors.o (symbol from plugin)
                                                  /tmp/cc0TUbKj.ltrans1.ltrans.o
Vector19C                                         /tmp/cc0TUbKj.ltrans0.ltrans.o
                                                  build/obj/vectors.o (symbol from plugin)
                                                  /tmp/cc0TUbKj.ltrans1.ltrans.o
Vector1C                                          /tmp/cc0TUbKj.ltrans0.ltrans.o
                                                  build/obj/vectors.o (symbol from plugin)
                                                  /tmp/cc0TUbKj.ltrans1.ltrans.o
Vector20                                          /tmp/cc0TUbKj.ltrans0.ltrans.o
                                                  build/obj/vectors.o (symbol from plugin)
                                                  /tmp/cc0TUbKj.ltrans1.ltrans.o
Vector24                                          /tmp/cc0TUbKj.ltrans0.ltrans.o
                                                  build/obj/vectors.o (symbol from plugin)
                                                  /tmp/cc0TUbKj.ltrans1.ltrans.o
Vector28                                          /tmp/cc0TUbKj.ltrans0.ltrans.o
                                                  build/obj/vectors.o (symbol from plugin)
                                                  /tmp/cc0TUbKj.ltrans1.ltrans.o
Vector34                                          /tmp/cc0TUbKj.ltrans0.ltrans.o
                                                  build/obj/vectors.o (symbol from plugin)
                                                  /tmp/cc0TUbKj.ltrans1.ltrans.o
Vector40                                          /tmp/cc0TUbKj.ltrans0.ltrans.o
                                                  build/obj/vectors.o (symbol from plugin)
                                                  /tmp/cc0TUbKj.ltrans1.ltrans.o
Vector44                                          /tmp/cc0TUbKj.ltrans0.ltrans.o
                                                  build/obj/vectors.o (symbol from plugin)
                                                  /tmp/cc0TUbKj.ltrans1.ltrans.o
Vector48                                          /tmp/cc0TUbKj.ltrans0.ltrans.o
                                                  build/obj/vectors.o (symbol from plugin)
                                                  /tmp/cc0TUbKj.ltrans1.ltrans.o
Vector4C                                          /tmp/cc0TUbKj.ltrans0.ltrans.o
                                                  build/obj/vectors.o (symbol from plugin)
                                                  /tmp/cc0TUbKj.ltrans1.ltrans.o
Vector50                                          /tmp/cc0TUbKj.ltrans0.ltrans.o
                                                  build/obj/vectors.o (symbol from plugin)
                                                  /tmp/cc0TUbKj.ltrans1.ltrans.o
Vector54                                          /tmp/cc0TUbKj.ltrans0.ltrans.o
                                                  build/obj/vectors.o (symbol from plugin)
                                                  /tmp/cc0TUbKj.ltrans1.ltrans.o
Vector58                                          /tmp/cc0TUbKj.ltrans0.ltrans.o
                                                  build/obj/vectors.o (symbol from plugin)
                                                  /tmp/cc0TUbKj.ltrans1.ltrans.o
Vector5C                                          /tmp/cc0TUbKj.ltrans0.ltrans.o
                                                  build/obj/vectors.o (symbol from plugin)
                                                  /tmp/cc0TUbKj.ltrans1.ltrans.o
Vector60                                          /tmp/cc0TUbKj.ltrans0.ltrans.o
                                                  build/obj/vectors.o (symbol from plugin)
                                                  /tmp/cc0TUbKj.ltrans1.ltrans.o
Vector64                                          /tmp/cc0TUbKj.ltrans0.ltrans.o
                                                  build/obj/vectors.o (symbol from plugin)
                                                  /tmp/cc0TUbKj.ltrans1.ltrans.o
Vector68                                          /tmp/cc0TUbKj.ltrans0.ltrans.o
                                                  build/obj/vectors.o (symbol from plugin)
                                                  /tmp/cc0TUbKj.ltrans1.ltrans.o
Vector6C                                          /tmp/cc0TUbKj.ltrans0.ltrans.o
                                                  build/obj/stm32_dma.o (symbol from plugin)
                                                  build/obj/vectors.o (symbol from plugin)
                                                  /tmp/cc0TUbKj.ltrans1.ltrans.o
Vector70                                          /tmp/cc0TUbKj.ltrans0.ltrans.o
                                                  build/obj/stm32_dma.o (symbol from plugin)
                                                  build/obj/vectors.o (symbol from plugin)
                                                  /tmp/cc0TUbKj.ltrans1.ltrans.o
Vector74                                          /tmp/cc0TUbKj.ltrans0.ltrans.o
                                                  build/obj/stm32_dma.o (symbol from plugin)
                                                  build/obj/vectors.o (symbol from plugin)
                                                  /tmp/cc0TUbKj.ltrans1.ltrans.o
Vector78                                          /tmp/cc0TUbKj.ltrans0.ltrans.o
                                                  build/obj/stm32_dma.o (symbol from plugin)
                                                  build/obj/vectors.o (symbol from plugin)
                                                  /tmp/cc0TUbKj.ltrans1.ltrans.o
Vector7C                                          /tmp/cc0TUbKj.ltrans0.ltrans.o
                                                  build/obj/stm32_dma.o (symbol from plugin)
                                                  build/obj/vectors.o (symbol from plugin)
                                                  /tmp/cc0TUbKj.ltrans1.ltrans.o
Vector80                                          build/obj/stm32_dma.o (symbol from plugin)
                                                  build/obj/vectors.o (symbol from plugin)
Vector84                                          build/obj/stm32_dma.o (symbol from plugin)
                                                  build/obj/vectors.o (symbol from plugin)
Vector88                                          /tmp/cc0TUbKj.ltrans0.ltrans.o
                                                  build/obj/vectors.o (symbol from plugin)
                                                  /tmp/cc0TUbKj.ltrans1.ltrans.o
Vector8C                                          /tmp/cc0TUbKj.ltrans0.ltrans.o
                                                  build/obj/vectors.o (symbol from plugin)
                                                  /tmp/cc0TUbKj.ltrans1.ltrans.o
Vector90                                          /tmp/cc0TUbKj.ltrans0.ltrans.o
                                                  build/obj/vectors.o (symbol from plugin)
                                                  /tmp/cc0TUbKj.ltrans1.ltrans.o
Vector94                                          /tmp/cc0TUbKj.ltrans0.ltrans.o
                                                  build/obj/vectors.o (symbol from plugin)
                                                  /tmp/cc0TUbKj.ltrans1.ltrans.o
Vector98                                          /tmp/cc0TUbKj.ltrans0.ltrans.o
                                                  build/obj/vectors.o (symbol from plugin)
                                                  /tmp/cc0TUbKj.ltrans1.ltrans.o
Vector9C                                          /tmp/cc0TUbKj.ltrans0.ltrans.o
                                                  build/obj/vectors.o (symbol from plugin)
                                                  /tmp/cc0TUbKj.ltrans1.ltrans.o
VectorA0                                          /tmp/cc0TUbKj.ltrans0.ltrans.o
                                                  build/obj/vectors.o (symbol from plugin)
                                                  /tmp/cc0TUbKj.ltrans1.ltrans.o
VectorA4                                          build/obj/icu_lld.o (symbol from plugin)
                                                  build/obj/vectors.o (symbol from plugin)
VectorA8                                          /tmp/cc0TUbKj.ltrans0.ltrans.o
                                                  build/obj/vectors.o (symbol from plugin)
                                                  /tmp/cc0TUbKj.ltrans1.ltrans.o
VectorAC                                          build/obj/icu_lld.o (symbol from plugin)
                                                  build/obj/vectors.o (symbol from plugin)
VectorB0                                          build/obj/st_lld.o (symbol from plugin)
                                                  build/obj/vectors.o (symbol from plugin)
VectorB4                                          /tmp/cc0TUbKj.ltrans0.ltrans.o
                                                  build/obj/vectors.o (symbol from plugin)
                                                  /tmp/cc0TUbKj.ltrans1.ltrans.o
VectorB8                                          build/obj/pwm_lld.o (symbol from plugin)
                                                  build/obj/vectors.o (symbol from plugin)
VectorBC                                          build/obj/i2c_lld.o (symbol from plugin)
                                                  build/obj/vectors.o (symbol from plugin)
VectorC0                                          build/obj/i2c_lld.o (symbol from plugin)
                                                  build/obj/vectors.o (symbol from plugin)
VectorC4                                          /tmp/cc0TUbKj.ltrans0.ltrans.o
                                                  build/obj/vectors.o (symbol from plugin)
                                                  /tmp/cc0TUbKj.ltrans1.ltrans.o
VectorC8                                          /tmp/cc0TUbKj.ltrans0.ltrans.o
                                                  build/obj/vectors.o (symbol from plugin)
                                                  /tmp/cc0TUbKj.ltrans1.ltrans.o
VectorCC                                          /tmp/cc0TUbKj.ltrans0.ltrans.o
                                                  build/obj/vectors.o (symbol from plugin)
                                                  /tmp/cc0TUbKj.ltrans1.ltrans.o
VectorD0                                          /tmp/cc0TUbKj.ltrans0.ltrans.o
                                                  build/obj/vectors.o (symbol from plugin)
                                                  /tmp/cc0TUbKj.ltrans1.ltrans.o
VectorD4                                          build/obj/serial_lld.o (symbol from plugin)
                                                  build/obj/vectors.o (symbol from plugin)
VectorD8                                          /tmp/cc0TUbKj.ltrans0.ltrans.o
                                                  build/obj/vectors.o (symbol from plugin)
                                                  /tmp/cc0TUbKj.ltrans1.ltrans.o
VectorDC                                          /tmp/cc0TUbKj.ltrans0.ltrans.o
                                                  build/obj/vectors.o (symbol from plugin)
                                                  /tmp/cc0TUbKj.ltrans1.ltrans.o
VectorE0                                          /tmp/cc0TUbKj.ltrans0.ltrans.o
                                                  build/obj/vectors.o (symbol from plugin)
                                                  /tmp/cc0TUbKj.ltrans1.ltrans.o
VectorE4                                          /tmp/cc0TUbKj.ltrans0.ltrans.o
                                                  build/obj/vectors.o (symbol from plugin)
                                                  /tmp/cc0TUbKj.ltrans1.ltrans.o
VectorE8                                          /tmp/cc0TUbKj.ltrans0.ltrans.o
                                                  build/obj/vectors.o (symbol from plugin)
                                                  /tmp/cc0TUbKj.ltrans1.ltrans.o
VectorEC                                          /tmp/cc0TUbKj.ltrans0.ltrans.o
                                                  build/obj/vectors.o (symbol from plugin)
                                                  /tmp/cc0TUbKj.ltrans1.ltrans.o
VectorF0                                          /tmp/cc0TUbKj.ltrans0.ltrans.o
                                                  build/obj/vectors.o (symbol from plugin)
                                                  /tmp/cc0TUbKj.ltrans1.ltrans.o
VectorF4                                          /tmp/cc0TUbKj.ltrans0.ltrans.o
                                                  build/obj/vectors.o (symbol from plugin)
                                                  /tmp/cc0TUbKj.ltrans1.ltrans.o
VectorF8                                          /tmp/cc0TUbKj.ltrans0.ltrans.o
                                                  build/obj/vectors.o (symbol from plugin)
                                                  /tmp/cc0TUbKj.ltrans1.ltrans.o
VectorFC                                          /tmp/cc0TUbKj.ltrans0.ltrans.o
                                                  build/obj/vectors.o (symbol from plugin)
                                                  /tmp/cc0TUbKj.ltrans1.ltrans.o
Xval                                              build/obj/main.o (symbol from plugin)
Yval                                              build/obj/main.o (symbol from plugin)
__core_init                                       /tmp/cc0TUbKj.ltrans0.ltrans.o
                                                  build/obj/crt1.o (symbol from plugin)
                                                  build/obj/crt0_v7m.o
__default_exit                                    /tmp/cc0TUbKj.ltrans0.ltrans.o
                                                  build/obj/crt1.o (symbol from plugin)
                                                  build/obj/crt0_v7m.o
__early_init                                      /tmp/cc0TUbKj.ltrans1.ltrans.o
                                                  build/obj/board.o (symbol from plugin)
                                                  build/obj/crt1.o (symbol from plugin)
                                                  build/obj/crt0_v7m.o
__fini_array_end                                  build/obj/crt0_v7m.o
__fini_array_start                                build/obj/crt0_v7m.o
__heap_base__                                     /tmp/cc0TUbKj.ltrans2.ltrans.o
                                                  build/obj/chmemcore.o (symbol from plugin)
__heap_end__                                      /tmp/cc0TUbKj.ltrans2.ltrans.o
                                                  build/obj/chmemcore.o (symbol from plugin)
__init_array_end                                  build/obj/crt0_v7m.o
__init_array_start                                build/obj/crt0_v7m.o
__init_ram_areas                                  /tmp/cc0TUbKj.ltrans0.ltrans.o
                                                  build/obj/crt1.o (symbol from plugin)
                                                  build/obj/crt0_v7m.o
__late_init                                       /tmp/cc0TUbKj.ltrans0.ltrans.o
                                                  build/obj/crt1.o (symbol from plugin)
                                                  build/obj/crt0_v7m.o
__main_stack_base__                               build/obj/crt0_v7m.o
__main_stack_end__                                /tmp/cc0TUbKj.ltrans1.ltrans.o
                                                  build/obj/vectors.o (symbol from plugin)
                                                  build/obj/crt0_v7m.o
__process_stack_base__                            build/obj/crt0_v7m.o
__process_stack_end__                             build/obj/crt0_v7m.o
__ram0_clear__                                    /tmp/cc0TUbKj.ltrans0.ltrans.o
                                                  build/obj/crt1.o (symbol from plugin)
__ram0_init__                                     /tmp/cc0TUbKj.ltrans0.ltrans.o
                                                  build/obj/crt1.o (symbol from plugin)
__ram0_init_text__                                /tmp/cc0TUbKj.ltrans0.ltrans.o
                                                  build/obj/crt1.o (symbol from plugin)
__ram0_noinit__                                   /tmp/cc0TUbKj.ltrans0.ltrans.o
                                                  build/obj/crt1.o (symbol from plugin)
__ram1_clear__                                    /tmp/cc0TUbKj.ltrans0.ltrans.o
                                                  build/obj/crt1.o (symbol from plugin)
__ram1_init__                                     /tmp/cc0TUbKj.ltrans0.ltrans.o
                                                  build/obj/crt1.o (symbol from plugin)
__ram1_init_text__                                /tmp/cc0TUbKj.ltrans0.ltrans.o
                                                  build/obj/crt1.o (symbol from plugin)
__ram1_noinit__                                   /tmp/cc0TUbKj.ltrans0.ltrans.o
                                                  build/obj/crt1.o (symbol from plugin)
__ram2_clear__                                    /tmp/cc0TUbKj.ltrans0.ltrans.o
                                                  build/obj/crt1.o (symbol from plugin)
__ram2_init__                                     /tmp/cc0TUbKj.ltrans0.ltrans.o
                                                  build/obj/crt1.o (symbol from plugin)
__ram2_init_text__                                /tmp/cc0TUbKj.ltrans0.ltrans.o
                                                  build/obj/crt1.o (symbol from plugin)
__ram2_noinit__                                   /tmp/cc0TUbKj.ltrans0.ltrans.o
                                                  build/obj/crt1.o (symbol from plugin)
__ram3_clear__                                    /tmp/cc0TUbKj.ltrans0.ltrans.o
                                                  build/obj/crt1.o (symbol from plugin)
__ram3_init__                                     /tmp/cc0TUbKj.ltrans0.ltrans.o
                                                  build/obj/crt1.o (symbol from plugin)
__ram3_init_text__                                /tmp/cc0TUbKj.ltrans0.ltrans.o
                                                  build/obj/crt1.o (symbol from plugin)
__ram3_noinit__                                   /tmp/cc0TUbKj.ltrans0.ltrans.o
                                                  build/obj/crt1.o (symbol from plugin)
__ram4_clear__                                    /tmp/cc0TUbKj.ltrans0.ltrans.o
                                                  build/obj/crt1.o (symbol from plugin)
__ram4_init__                                     /tmp/cc0TUbKj.ltrans0.ltrans.o
                                                  build/obj/crt1.o (symbol from plugin)
__ram4_init_text__                                /tmp/cc0TUbKj.ltrans0.ltrans.o
                                                  build/obj/crt1.o (symbol from plugin)
__ram4_noinit__                                   /tmp/cc0TUbKj.ltrans0.ltrans.o
                                                  build/obj/crt1.o (symbol from plugin)
__ram5_clear__                                    /tmp/cc0TUbKj.ltrans0.ltrans.o
                                                  build/obj/crt1.o (symbol from plugin)
__ram5_init__                                     /tmp/cc0TUbKj.ltrans0.ltrans.o
                                                  build/obj/crt1.o (symbol from plugin)
__ram5_init_text__                                /tmp/cc0TUbKj.ltrans0.ltrans.o
                                                  build/obj/crt1.o (symbol from plugin)
__ram5_noinit__                                   /tmp/cc0TUbKj.ltrans0.ltrans.o
                                                  build/obj/crt1.o (symbol from plugin)
__ram6_clear__                                    /tmp/cc0TUbKj.ltrans0.ltrans.o
                                                  build/obj/crt1.o (symbol from plugin)
__ram6_init__                                     /tmp/cc0TUbKj.ltrans0.ltrans.o
                                                  build/obj/crt1.o (symbol from plugin)
__ram6_init_text__                                /tmp/cc0TUbKj.ltrans0.ltrans.o
                                                  build/obj/crt1.o (symbol from plugin)
__ram6_noinit__                                   /tmp/cc0TUbKj.ltrans0.ltrans.o
                                                  build/obj/crt1.o (symbol from plugin)
__ram7_clear__                                    /tmp/cc0TUbKj.ltrans0.ltrans.o
                                                  build/obj/crt1.o (symbol from plugin)
__ram7_init__                                     /tmp/cc0TUbKj.ltrans0.ltrans.o
                                                  build/obj/crt1.o (symbol from plugin)
__ram7_init_text__                                /tmp/cc0TUbKj.ltrans0.ltrans.o
                                                  build/obj/crt1.o (symbol from plugin)
__ram7_noinit__                                   /tmp/cc0TUbKj.ltrans0.ltrans.o
                                                  build/obj/crt1.o (symbol from plugin)
_bss_end                                          build/obj/crt0_v7m.o
_bss_start                                        build/obj/crt0_v7m.o
_core_init                                        build/obj/chmemcore.o (symbol from plugin)
                                                  build/obj/chsys.o (symbol from plugin)
_data_end                                         build/obj/crt0_v7m.o
_data_start                                       build/obj/crt0_v7m.o
_heap_init                                        build/obj/chheap.o (symbol from plugin)
                                                  build/obj/chsys.o (symbol from plugin)
_idle_thread.lto_priv.54                          /tmp/cc0TUbKj.ltrans0.ltrans.o
                                                  /tmp/cc0TUbKj.ltrans2.ltrans.o
_pal_lld_init                                     build/obj/pal_lld.o (symbol from plugin)
                                                  build/obj/hal.o (symbol from plugin)
_pal_lld_setgroupmode                             build/obj/pal_lld.o (symbol from plugin)
                                                  build/obj/main.o (symbol from plugin)
                                                  build/obj/pal.o (symbol from plugin)
_port_exit_from_isr                               build/obj/chcoreasm_v7m.o
                                                  /tmp/cc0TUbKj.ltrans0.ltrans.o
                                                  build/obj/chcore_v7m.o (symbol from plugin)
_port_irq_epilogue                                /tmp/cc0TUbKj.ltrans0.ltrans.o
                                                  build/obj/chcore_v7m.o (symbol from plugin)
                                                  /tmp/cc0TUbKj.ltrans1.ltrans.o
                                                  build/obj/usb_lld.o (symbol from plugin)
                                                  build/obj/serial_lld.o (symbol from plugin)
                                                  build/obj/pwm_lld.o (symbol from plugin)
                                                  build/obj/icu_lld.o (symbol from plugin)
                                                  build/obj/i2c_lld.o (symbol from plugin)
                                                  build/obj/st_lld.o (symbol from plugin)
                                                  build/obj/stm32_dma.o (symbol from plugin)
_port_switch                                      build/obj/chcoreasm_v7m.o
                                                  /tmp/cc0TUbKj.ltrans3.ltrans.o
                                                  /tmp/cc0TUbKj.ltrans0.ltrans.o
                                                  build/obj/chschd.o (symbol from plugin)
_port_switch_from_isr                             build/obj/chcoreasm_v7m.o
                                                  /tmp/cc0TUbKj.ltrans0.ltrans.o
                                                  build/obj/chcore_v7m.o (symbol from plugin)
_port_thread_start                                build/obj/chcoreasm_v7m.o
                                                  /tmp/cc0TUbKj.ltrans2.ltrans.o
                                                  build/obj/chthreads.o (symbol from plugin)
_scheduler_init                                   build/obj/chschd.o (symbol from plugin)
                                                  build/obj/chsys.o (symbol from plugin)
_stm32_dma_isr_redir                              /tmp/cc0TUbKj.ltrans3.ltrans.o
                                                  build/obj/stm32_dma.o (symbol from plugin)
                                                  /tmp/cc0TUbKj.ltrans2.ltrans.o
                                                  /tmp/cc0TUbKj.ltrans1.ltrans.o
                                                  /tmp/cc0TUbKj.ltrans0.ltrans.o
_stm32_dma_streams                                build/obj/stm32_dma.o (symbol from plugin)
                                                  build/obj/spi_lld.o (symbol from plugin)
                                                  build/obj/i2c_lld.o (symbol from plugin)
_test_assert                                      build/obj/test.o (symbol from plugin)
                                                  build/obj/testsys.o (symbol from plugin)
                                                  build/obj/testqueues.o (symbol from plugin)
                                                  build/obj/testdyn.o (symbol from plugin)
                                                  build/obj/testpools.o (symbol from plugin)
                                                  build/obj/testheap.o (symbol from plugin)
                                                  build/obj/testevt.o (symbol from plugin)
                                                  build/obj/testmbox.o (symbol from plugin)
                                                  build/obj/testmtx.o (symbol from plugin)
                                                  build/obj/testsem.o (symbol from plugin)
                                                  build/obj/testthd.o (symbol from plugin)
_test_assert_sequence                             build/obj/test.o (symbol from plugin)
                                                  build/obj/testqueues.o (symbol from plugin)
                                                  build/obj/testdyn.o (symbol from plugin)
                                                  build/obj/testevt.o (symbol from plugin)
                                                  build/obj/testmbox.o (symbol from plugin)
                                                  build/obj/testmsg.o (symbol from plugin)
                                                  build/obj/testmtx.o (symbol from plugin)
                                                  build/obj/testsem.o (symbol from plugin)
                                                  build/obj/testthd.o (symbol from plugin)
_test_assert_time_window                          build/obj/test.o (symbol from plugin)
                                                  build/obj/testevt.o (symbol from plugin)
                                                  build/obj/testsem.o (symbol from plugin)
                                                  build/obj/testthd.o (symbol from plugin)
_test_fail                                        build/obj/test.o (symbol from plugin)
_textdata_start                                   build/obj/crt0_v7m.o
_thread_init                                      build/obj/chthreads.o (symbol from plugin)
                                                  build/obj/chsys.o (symbol from plugin)
_tm_init                                          build/obj/chtm.o (symbol from plugin)
                                                  build/obj/chsys.o (symbol from plugin)
_unhandled_exception                              /tmp/cc0TUbKj.ltrans0.ltrans.o
                                                  build/obj/vectors.o (symbol from plugin)
_usb_ep0in                                        /tmp/cc0TUbKj.ltrans0.ltrans.o
                                                  build/obj/usb.o (symbol from plugin)
                                                  /tmp/cc0TUbKj.ltrans1.ltrans.o
                                                  build/obj/usb_lld.o (symbol from plugin)
_usb_ep0out                                       /tmp/cc0TUbKj.ltrans0.ltrans.o
                                                  build/obj/usb.o (symbol from plugin)
                                                  /tmp/cc0TUbKj.ltrans1.ltrans.o
                                                  build/obj/usb_lld.o (symbol from plugin)
_usb_ep0setup                                     /tmp/cc0TUbKj.ltrans0.ltrans.o
                                                  build/obj/usb.o (symbol from plugin)
                                                  /tmp/cc0TUbKj.ltrans1.ltrans.o
                                                  build/obj/usb_lld.o (symbol from plugin)
_usb_reset                                        build/obj/usb.o (symbol from plugin)
                                                  build/obj/usb_lld.o (symbol from plugin)
_usb_suspend                                      build/obj/usb.o (symbol from plugin)
                                                  build/obj/usb_lld.o (symbol from plugin)
_usb_wakeup                                       build/obj/usb.o (symbol from plugin)
                                                  build/obj/usb_lld.o (symbol from plugin)
_vectors                                          /tmp/cc0TUbKj.ltrans1.ltrans.o
                                                  build/obj/vectors.o (symbol from plugin)
_vt_init                                          build/obj/chvt.o (symbol from plugin)
                                                  build/obj/chsys.o (symbol from plugin)
boardInit                                         build/obj/board.o (symbol from plugin)
                                                  build/obj/hal.o (symbol from plugin)
ch                                                /tmp/cc0TUbKj.ltrans3.ltrans.o
                                                  build/obj/chschd.o (symbol from plugin)
                                                  /tmp/cc0TUbKj.ltrans2.ltrans.o
                                                  /tmp/cc0TUbKj.ltrans1.ltrans.o
                                                  /tmp/cc0TUbKj.ltrans0.ltrans.o
                                                  build/obj/main.o (symbol from plugin)
                                                  build/obj/testbmk.o (symbol from plugin)
                                                  build/obj/testqueues.o (symbol from plugin)
                                                  build/obj/testdyn.o (symbol from plugin)
                                                  build/obj/testevt.o (symbol from plugin)
                                                  build/obj/testmsg.o (symbol from plugin)
                                                  build/obj/testmtx.o (symbol from plugin)
                                                  build/obj/testsem.o (symbol from plugin)
                                                  build/obj/testthd.o (symbol from plugin)
                                                  build/obj/chmsg.o (symbol from plugin)
                                                  build/obj/chevents.o (symbol from plugin)
                                                  build/obj/chcond.o (symbol from plugin)
                                                  build/obj/chmtx.o (symbol from plugin)
                                                  build/obj/chsem.o (symbol from plugin)
                                                  build/obj/chregistry.o (symbol from plugin)
                                                  build/obj/chtm.o (symbol from plugin)
                                                  build/obj/chthreads.o (symbol from plugin)
                                                  build/obj/chvt.o (symbol from plugin)
                                                  build/obj/chsys.o (symbol from plugin)
chCondBroadcast                                   build/obj/chcond.o (symbol from plugin)
                                                  build/obj/testmtx.o (symbol from plugin)
chCondBroadcastI                                  build/obj/chcond.o (symbol from plugin)
chCondObjectInit                                  build/obj/chcond.o (symbol from plugin)
                                                  build/obj/testmtx.o (symbol from plugin)
chCondSignal                                      build/obj/chcond.o (symbol from plugin)
                                                  build/obj/testmtx.o (symbol from plugin)
chCondSignalI                                     build/obj/chcond.o (symbol from plugin)
                                                  build/obj/testmtx.o (symbol from plugin)
chCondWait                                        build/obj/chcond.o (symbol from plugin)
                                                  build/obj/testmtx.o (symbol from plugin)
chCondWaitS                                       build/obj/chcond.o (symbol from plugin)
chCondWaitTimeout                                 build/obj/chcond.o (symbol from plugin)
                                                  build/obj/testmtx.o (symbol from plugin)
chCondWaitTimeoutS                                build/obj/chcond.o (symbol from plugin)
chCoreAlloc                                       /tmp/cc0TUbKj.ltrans0.ltrans.o
                                                  build/obj/chmemcore.o (symbol from plugin)
                                                  /tmp/cc0TUbKj.ltrans2.ltrans.o
                                                  build/obj/chheap.o (symbol from plugin)
chCoreAllocI                                      build/obj/chmemcore.o (symbol from plugin)
chCoreGetStatusX                                  build/obj/chmemcore.o (symbol from plugin)
                                                  build/obj/testheap.o (symbol from plugin)
chEvtAddEvents                                    build/obj/chevents.o (symbol from plugin)
                                                  build/obj/testevt.o (symbol from plugin)
chEvtBroadcastFlags                               build/obj/chevents.o (symbol from plugin)
                                                  build/obj/testevt.o (symbol from plugin)
chEvtBroadcastFlagsI                              build/obj/chevents.o (symbol from plugin)
                                                  build/obj/serial_lld.o (symbol from plugin)
                                                  build/obj/serial_usb.o (symbol from plugin)
                                                  build/obj/serial.o (symbol from plugin)
chEvtBroadcastFlagsI.constprop.43                 /tmp/cc0TUbKj.ltrans3.ltrans.o
                                                  /tmp/cc0TUbKj.ltrans1.ltrans.o
chEvtDispatch                                     build/obj/chevents.o (symbol from plugin)
                                                  build/obj/testevt.o (symbol from plugin)
chEvtGetAndClearEvents                            build/obj/chevents.o (symbol from plugin)
                                                  build/obj/testevt.o (symbol from plugin)
chEvtGetAndClearFlags                             build/obj/chevents.o (symbol from plugin)
chEvtGetAndClearFlagsI                            build/obj/chevents.o (symbol from plugin)
chEvtRegisterMaskWithFlags                        build/obj/chevents.o (symbol from plugin)
                                                  build/obj/testevt.o (symbol from plugin)
chEvtSignal                                       build/obj/chevents.o (symbol from plugin)
                                                  build/obj/testevt.o (symbol from plugin)
chEvtSignalI                                      build/obj/chevents.o (symbol from plugin)
chEvtUnregister                                   build/obj/chevents.o (symbol from plugin)
                                                  build/obj/testevt.o (symbol from plugin)
chEvtWaitAll                                      build/obj/chevents.o (symbol from plugin)
                                                  build/obj/testevt.o (symbol from plugin)
chEvtWaitAllTimeout                               build/obj/chevents.o (symbol from plugin)
                                                  build/obj/testevt.o (symbol from plugin)
chEvtWaitAny                                      build/obj/chevents.o (symbol from plugin)
                                                  build/obj/testevt.o (symbol from plugin)
chEvtWaitAnyTimeout                               build/obj/chevents.o (symbol from plugin)
                                                  build/obj/testevt.o (symbol from plugin)
chEvtWaitOne                                      build/obj/chevents.o (symbol from plugin)
                                                  build/obj/testevt.o (symbol from plugin)
chEvtWaitOneTimeout                               build/obj/chevents.o (symbol from plugin)
                                                  build/obj/testevt.o (symbol from plugin)
chHeapAlloc                                       build/obj/chheap.o (symbol from plugin)
                                                  build/obj/testdyn.o (symbol from plugin)
                                                  build/obj/testheap.o (symbol from plugin)
                                                  build/obj/chdynamic.o (symbol from plugin)
chHeapFree                                        build/obj/chheap.o (symbol from plugin)
                                                  build/obj/testdyn.o (symbol from plugin)
                                                  build/obj/testheap.o (symbol from plugin)
                                                  build/obj/chdynamic.o (symbol from plugin)
chHeapObjectInit                                  build/obj/chheap.o (symbol from plugin)
                                                  build/obj/testdyn.o (symbol from plugin)
                                                  build/obj/testheap.o (symbol from plugin)
chHeapStatus                                      build/obj/chheap.o (symbol from plugin)
                                                  build/obj/testdyn.o (symbol from plugin)
                                                  build/obj/testheap.o (symbol from plugin)
chIQGetTimeout                                    build/obj/chqueues.o (symbol from plugin)
                                                  build/obj/testbmk.o (symbol from plugin)
                                                  build/obj/testqueues.o (symbol from plugin)
                                                  build/obj/serial.o (symbol from plugin)
chIQObjectInit                                    build/obj/chqueues.o (symbol from plugin)
                                                  build/obj/testbmk.o (symbol from plugin)
                                                  build/obj/testqueues.o (symbol from plugin)
                                                  build/obj/serial.o (symbol from plugin)
chIQPutI                                          build/obj/chqueues.o (symbol from plugin)
                                                  build/obj/testbmk.o (symbol from plugin)
                                                  build/obj/testqueues.o (symbol from plugin)
                                                  build/obj/serial.o (symbol from plugin)
chIQReadTimeout                                   build/obj/chqueues.o (symbol from plugin)
                                                  build/obj/testqueues.o (symbol from plugin)
                                                  build/obj/serial.o (symbol from plugin)
chIQResetI                                        build/obj/chqueues.o (symbol from plugin)
                                                  build/obj/testqueues.o (symbol from plugin)
                                                  build/obj/serial.o (symbol from plugin)
chMBFetch                                         build/obj/chmboxes.o (symbol from plugin)
                                                  build/obj/testmbox.o (symbol from plugin)
chMBFetchI                                        build/obj/chmboxes.o (symbol from plugin)
                                                  build/obj/testmbox.o (symbol from plugin)
chMBFetchS                                        build/obj/chmboxes.o (symbol from plugin)
chMBObjectInit                                    build/obj/chmboxes.o (symbol from plugin)
                                                  build/obj/testmbox.o (symbol from plugin)
chMBPost                                          build/obj/chmboxes.o (symbol from plugin)
                                                  build/obj/testmbox.o (symbol from plugin)
chMBPostAhead                                     build/obj/chmboxes.o (symbol from plugin)
                                                  build/obj/testmbox.o (symbol from plugin)
chMBPostAheadI                                    build/obj/chmboxes.o (symbol from plugin)
                                                  build/obj/testmbox.o (symbol from plugin)